Archive member included to satisfy reference by file (symbol)

D:\opench-ch32v307\firmware\TcpClient\NetLib\libwchnet.a(eth_driver.o)
                              ./User/main.o (WCH_GetMac)
D:\opench-ch32v307\firmware\TcpClient\NetLib\libwchnet.a(socket.o)
                              ./User/main.o (WCHNET_Init)
D:\opench-ch32v307\firmware\TcpClient\NetLib\libwchnet.a(etharp.o)
                              D:\opench-ch32v307\firmware\TcpClient\NetLib\libwchnet.a(socket.o) (etharp_request)
D:\opench-ch32v307\firmware\TcpClient\NetLib\libwchnet.a(ethernetif.o)
                              D:\opench-ch32v307\firmware\TcpClient\NetLib\libwchnet.a(socket.o) (low_level_init)
D:\opench-ch32v307\firmware\TcpClient\NetLib\libwchnet.a(inet.o)
                              D:\opench-ch32v307\firmware\TcpClient\NetLib\libwchnet.a(socket.o) (inet_ntoa)
D:\opench-ch32v307\firmware\TcpClient\NetLib\libwchnet.a(ip.o)
                              D:\opench-ch32v307\firmware\TcpClient\NetLib\libwchnet.a(etharp.o) (ip_input)
D:\opench-ch32v307\firmware\TcpClient\NetLib\libwchnet.a(ip_addr.o)
                              D:\opench-ch32v307\firmware\TcpClient\NetLib\libwchnet.a(socket.o) (ip_addr_isbroadcast)
D:\opench-ch32v307\firmware\TcpClient\NetLib\libwchnet.a(ip_frag.o)
                              D:\opench-ch32v307\firmware\TcpClient\NetLib\libwchnet.a(ethernetif.o) (ip_reass_tmr)
D:\opench-ch32v307\firmware\TcpClient\NetLib\libwchnet.a(init.o)
                              D:\opench-ch32v307\firmware\TcpClient\NetLib\libwchnet.a(ethernetif.o) (lwip_init)
D:\opench-ch32v307\firmware\TcpClient\NetLib\libwchnet.a(mem.o)
                              D:\opench-ch32v307\firmware\TcpClient\NetLib\libwchnet.a(init.o) (mem_init)
D:\opench-ch32v307\firmware\TcpClient\NetLib\libwchnet.a(memp.o)
                              D:\opench-ch32v307\firmware\TcpClient\NetLib\libwchnet.a(init.o) (memp_init)
D:\opench-ch32v307\firmware\TcpClient\NetLib\libwchnet.a(netif.o)
                              D:\opench-ch32v307\firmware\TcpClient\NetLib\libwchnet.a(socket.o) (netif_remove)
D:\opench-ch32v307\firmware\TcpClient\NetLib\libwchnet.a(pbuf.o)
                              D:\opench-ch32v307\firmware\TcpClient\NetLib\libwchnet.a(socket.o) (pbuf_header)
D:\opench-ch32v307\firmware\TcpClient\NetLib\libwchnet.a(raw.o)
                              D:\opench-ch32v307\firmware\TcpClient\NetLib\libwchnet.a(ip.o) (raw_input)
D:\opench-ch32v307\firmware\TcpClient\NetLib\libwchnet.a(tcp.o)
                              D:\opench-ch32v307\firmware\TcpClient\NetLib\libwchnet.a(socket.o) (tcp_bind)
D:\opench-ch32v307\firmware\TcpClient\NetLib\libwchnet.a(tcp_in.o)
                              D:\opench-ch32v307\firmware\TcpClient\NetLib\libwchnet.a(ip.o) (tcp_input)
D:\opench-ch32v307\firmware\TcpClient\NetLib\libwchnet.a(tcp_out.o)
                              D:\opench-ch32v307\firmware\TcpClient\NetLib\libwchnet.a(tcp.o) (tcp_enqueue)
D:\opench-ch32v307\firmware\TcpClient\NetLib\libwchnet.a(udp.o)
                              D:\opench-ch32v307\firmware\TcpClient\NetLib\libwchnet.a(ip.o) (udp_input)
D:\opench-ch32v307\firmware\TcpClient\NetLib\libwchnet.a(ipcheck.o)
                              D:\opench-ch32v307\firmware\TcpClient\NetLib\libwchnet.a(socket.o) (IPCheckParaInit)
D:\opench-ch32v307\firmware\TcpClient\NetLib\libwchnet.a(wchnet_dhcp.o)
                              D:\opench-ch32v307\firmware\TcpClient\NetLib\libwchnet.a(etharp.o) (dhcp_arp_reply)
D:\opench-ch32v307\firmware\TcpClient\NetLib\libwchnet.a(wchnet_dns.o)
                              D:\opench-ch32v307\firmware\TcpClient\NetLib\libwchnet.a(wchnet_dhcp.o) (dns_setserver)
D:\opench-ch32v307\firmware\TcpClient\NetLib\libwchnet.a(icmp.o)
                              D:\opench-ch32v307\firmware\TcpClient\NetLib\libwchnet.a(ip.o) (icmp_input)
D:\opench-ch32v307\firmware\TcpClient\NetLib\libwchnet.a(inet_chksum.o)
                              D:\opench-ch32v307\firmware\TcpClient\NetLib\libwchnet.a(tcp_in.o) (inet_chksum_pseudo)
d:/mounriver/mounriver_studio/toolchain/risc-v embedded gcc/bin/../lib/gcc/riscv-none-embed/8.2.0/../../../../riscv-none-embed/lib/rv32imac/ilp32\libprintf.a(wchprintf.o)
                              ./User/ch32v30x_it.o (printf)
d:/mounriver/mounriver_studio/toolchain/risc-v embedded gcc/bin/../lib/gcc/riscv-none-embed/8.2.0/rv32imac/ilp32\libgcc.a(save-restore.o)
                              D:\opench-ch32v307\firmware\TcpClient\NetLib\libwchnet.a(socket.o) (__riscv_save_12)
d:/mounriver/mounriver_studio/toolchain/risc-v embedded gcc/bin/../lib/gcc/riscv-none-embed/8.2.0/../../../../riscv-none-embed/lib/rv32imac/ilp32\libg_nano.a(lib_a-memcpy.o)
                              D:\opench-ch32v307\firmware\TcpClient\NetLib\libwchnet.a(eth_driver.o) (memcpy)
[...]
Memory Configuration

Name             Origin             Length             Attributes
FLASH            0x0000000000000000 0x0000000000030000 xr
RAM              0x0000000020000000 0x0000000000020000 xrw
*default*        0x0000000000000000 0xffffffffffffffff

Linker script and memory map

LOAD ./User/IIC.o
LOAD ./User/ch32v30x_it.o
LOAD ./User/es8388.o
LOAD ./User/lcd.o
LOAD ./User/main.o
LOAD ./User/system_ch32v30x.o
LOAD ./Startup/startup_ch32v30x.o
LOAD ./Peripheral/src/ch32v30x_adc.o
LOAD ./Peripheral/src/ch32v30x_bkp.o
LOAD ./Peripheral/src/ch32v30x_can.o
LOAD ./Peripheral/src/ch32v30x_crc.o
LOAD ./Peripheral/src/ch32v30x_dac.o
LOAD ./Peripheral/src/ch32v30x_dbgmcu.o
LOAD ./Peripheral/src/ch32v30x_dma.o
LOAD ./Peripheral/src/ch32v30x_dvp.o
LOAD ./Peripheral/src/ch32v30x_eth.o
LOAD ./Peripheral/src/ch32v30x_exti.o
LOAD ./Peripheral/src/ch32v30x_flash.o
LOAD ./Peripheral/src/ch32v30x_fsmc.o
LOAD ./Peripheral/src/ch32v30x_gpio.o
LOAD ./Peripheral/src/ch32v30x_i2c.o
LOAD ./Peripheral/src/ch32v30x_iwdg.o
LOAD ./Peripheral/src/ch32v30x_misc.o
LOAD ./Peripheral/src/ch32v30x_opa.o
LOAD ./Peripheral/src/ch32v30x_pwr.o
LOAD ./Peripheral/src/ch32v30x_rcc.o
LOAD ./Peripheral/src/ch32v30x_rng.o
LOAD ./Peripheral/src/ch32v30x_rtc.o
LOAD ./Peripheral/src/ch32v30x_sdio.o
LOAD ./Peripheral/src/ch32v30x_spi.o
LOAD ./Peripheral/src/ch32v30x_tim.o
LOAD ./Peripheral/src/ch32v30x_usart.o
LOAD ./Peripheral/src/ch32v30x_wwdg.o
LOAD ./Debug/debug.o
LOAD ./Core/core_riscv.o
LOAD D:\opench-ch32v307\firmware\TcpClient\NetLib\libwchnet.a
LOAD d:/mounriver/mounriver_studio/toolchain/risc-v embedded gcc/bin/../lib/gcc/riscv-none-embed/8.2.0/../../../../riscv-none-embed/lib/rv32imac/ilp32\libprintf.a
LOAD d:/mounriver/mounriver_studio/toolchain/risc-v embedded gcc/bin/../lib/gcc/riscv-none-embed/8.2.0/rv32imac/ilp32\libgcc.a
LOAD d:/mounriver/mounriver_studio/toolchain/risc-v embedded gcc/bin/../lib/gcc/riscv-none-embed/8.2.0/../../../../riscv-none-embed/lib/rv32imac/ilp32\libg_nano.a
LOAD d:/mounriver/mounriver_studio/toolchain/risc-v embedded gcc/bin/../lib/gcc/riscv-none-embed/8.2.0/../../../../riscv-none-embed/lib/rv32imac/ilp32\libc_nano.a
LOAD d:/mounriver/mounriver_studio/toolchain/risc-v embedded gcc/bin/../lib/gcc/riscv-none-embed/8.2.0/rv32imac/ilp32\libgcc.a
START GROUP
LOAD d:/mounriver/mounriver_studio/toolchain/risc-v embedded gcc/bin/../lib/gcc/riscv-none-embed/8.2.0/rv32imac/ilp32\libgcc.a
LOAD d:/mounriver/mounriver_studio/toolchain/risc-v embedded gcc/bin/../lib/gcc/riscv-none-embed/8.2.0/../../../../riscv-none-embed/lib/rv32imac/ilp32\libc_nano.a
LOAD d:/mounriver/mounriver_studio/toolchain/risc-v embedded gcc/bin/../lib/gcc/riscv-none-embed/8.2.0/../../../../riscv-none-embed/lib/rv32imac/ilp32\libnosys.a
END GROUP
START GROUP
LOAD d:/mounriver/mounriver_studio/toolchain/risc-v embedded gcc/bin/../lib/gcc/riscv-none-embed/8.2.0/rv32imac/ilp32\libgcc.a
LOAD d:/mounriver/mounriver_studio/toolchain/risc-v embedded gcc/bin/../lib/gcc/riscv-none-embed/8.2.0/../../../../riscv-none-embed/lib/rv32imac/ilp32\libc_nano.a
LOAD d:/mounriver/mounriver_studio/toolchain/risc-v embedded gcc/bin/../lib/gcc/riscv-none-embed/8.2.0/../../../../riscv-none-embed/lib/rv32imac/ilp32\libnosys.a
END GROUP
                0x0000000000000800                __stack_size = 0x800
                [!provide]                        PROVIDE (_stack_size = __stack_size)

.init           0x0000000000000000       0x38
                0x0000000000000000                _sinit = .
                0x0000000000000000                . = ALIGN (0x4)
 *(SORT_NONE(.init))
 .init          0x0000000000000000       0x38 ./Startup/startup_ch32v30x.o
                0x0000000000000000                _start
                0x0000000000000038                . = ALIGN (0x4)
                0x0000000000000038                _einit = .

.vector         0x0000000000000038      0x1c8
 *(.vector)
 .vector        0x0000000000000038      0x1a0 ./Startup/startup_ch32v30x.o
                0x0000000000000200                . = ALIGN (0x40)
 *fill*         0x00000000000001d8       0x28 

.text           0x0000000000000200    0x16ea0
                0x0000000000000200                . = ALIGN (0x4)
 *(.text)
 .text          0x0000000000000200       0x60 d:/mounriver/mounriver_studio/toolchain/risc-v embedded gcc/bin/../lib/gcc/riscv-none-embed/8.2.0/rv32imac/ilp32\libgcc.a(save-restore.o)
                0x0000000000000200                __riscv_save_12
                0x0000000000000208                __riscv_save_9
                0x0000000000000208                __riscv_save_11
                0x0000000000000208                __riscv_save_10
                0x0000000000000208                __riscv_save_8
                0x0000000000000216                __riscv_save_4
                0x0000000000000216                __riscv_save_6
                0x0000000000000216                __riscv_save_5
                0x0000000000000216                __riscv_save_7
                0x0000000000000230                __riscv_save_3
                0x0000000000000230                __riscv_save_2
                0x0000000000000230                __riscv_save_1
                0x0000000000000230                __riscv_save_0
                0x000000000000023c                __riscv_restore_12
                0x0000000000000240                __riscv_restore_11
                0x0000000000000240                __riscv_restore_9
                0x0000000000000240                __riscv_restore_10
                0x0000000000000240                __riscv_restore_8
                0x000000000000024a                __riscv_restore_5
                0x000000000000024a                __riscv_restore_7
                0x000000000000024a                __riscv_restore_6
                0x000000000000024a                __riscv_restore_4
                0x0000000000000254                __riscv_restore_3
                0x0000000000000254                __riscv_restore_0
                0x0000000000000254                __riscv_restore_2
                0x0000000000000254                __riscv_restore_1
 .text          0x0000000000000260       0xa8 d:/mounriver/mounriver_studio/toolchain/risc-v embedded gcc/bin/../lib/gcc/riscv-none-embed/8.2.0/../../../../riscv-none-embed/lib/rv32imac/ilp32\libg_nano.a(lib_a-memset.o)
                0x0000000000000260                memset
 *(.text.*)
 .text.IIC_Init
                0x0000000000000308       0xa6 ./User/IIC.o
                0x0000000000000308                IIC_Init
 .text.NMI_Handler
                0x00000000000003ae        0x4 ./User/ch32v30x_it.o
                0x00000000000003ae                NMI_Handler
 .text.HardFault_Handler
                0x00000000000003b2       0x44 ./User/ch32v30x_it.o
                0x00000000000003b2                HardFault_Handler
 .text.ETH_IRQHandler
                0x00000000000003f6        0x8 ./User/ch32v30x_it.o
                0x00000000000003f6                ETH_IRQHandler
 .text.TIM2_IRQHandler
                0x00000000000003fe       0x14 ./User/ch32v30x_it.o
                0x00000000000003fe                TIM2_IRQHandler
 .text.ES8388_Contrl_Init
                0x0000000000000412       0x30 ./User/es8388.o
                0x0000000000000412                ES8388_Contrl_Init
 .text.ES8388_Write_Reg
                0x0000000000000442       0xee ./User/es8388.o
                0x0000000000000442                ES8388_Write_Reg
 .text.ES8388_Init
                0x0000000000000530       0xc8 ./User/es8388.o
                0x0000000000000530                ES8388_Init
 .text.lcd_write_half_word
                0x00000000000005f8       0x16 ./User/lcd.o
                0x00000000000005f8                lcd_write_half_word
 .text.lcd_read_data
                0x000000000000060e       0x1a ./User/lcd.o
                0x000000000000060e                lcd_read_data
 .text.lcd_fsmc_init
                0x0000000000000628      0x10e ./User/lcd.o
                0x0000000000000628                lcd_fsmc_init
 .text.TIM1_PWMOut_Init
                0x0000000000000736       0x76 ./User/lcd.o
                0x0000000000000736                TIM1_PWMOut_Init
 .text.lcd_gpio_init
                0x00000000000007ac       0x48 ./User/lcd.o
                0x00000000000007ac                lcd_gpio_init
 .text.LCD_SetBrightness
                0x00000000000007f4       0x1c ./User/lcd.o
                0x00000000000007f4                LCD_SetBrightness
 .text.lcd_set_color
                0x0000000000000810        0xe ./User/lcd.o
                0x0000000000000810                lcd_set_color
 .text.lcd_address_set
                0x000000000000081e       0x5e ./User/lcd.o
                0x000000000000081e                lcd_address_set
 .text.lcd_clear
                0x000000000000087c       0x4c ./User/lcd.o
                0x000000000000087c                lcd_clear
 .text.lcd_init
                0x00000000000008c8      0x1dc ./User/lcd.o
                0x00000000000008c8                lcd_init
 .text.lcd_fill
                0x0000000000000aa4       0x4c ./User/lcd.o
                0x0000000000000aa4                lcd_fill
 .text.lcd_show_char
                0x0000000000000af0      0x1ae ./User/lcd.o
                0x0000000000000af0                lcd_show_char
 .text.lcd_show_string
                0x0000000000000c9e       0xcc ./User/lcd.o
                0x0000000000000c9e                lcd_show_string
 .text.lcd_show_image
                0x0000000000000d6a       0x82 ./User/lcd.o
                0x0000000000000d6a                lcd_show_image
 .text.Ethernet_LED_Configuration
                0x0000000000000dec       0x4c ./User/main.o
                0x0000000000000dec                Ethernet_LED_Configuration
 .text.Ethernet_LED_LINKSET
                0x0000000000000e38       0x1e ./User/main.o
                0x0000000000000e38                Ethernet_LED_LINKSET
 .text.Ethernet_LED_DATASET
                0x0000000000000e56       0x1e ./User/main.o
                0x0000000000000e56                Ethernet_LED_DATASET
 .text.mStopIfError
                0x0000000000000e74       0x12 ./User/main.o
                0x0000000000000e74                mStopIfError
 .text.WCHNET_LibInit
                0x0000000000000e86       0x46 ./User/main.o
                0x0000000000000e86                WCHNET_LibInit
 .text.SET_MCO  0x0000000000000ecc       0x46 ./User/main.o
                0x0000000000000ecc                SET_MCO
 .text.TIM2_Init
                0x0000000000000f12       0x62 ./User/main.o
                0x0000000000000f12                TIM2_Init
 .text.WCHNET_CreatTcpSocket
                0x0000000000000f74       0x98 ./User/main.o
                0x0000000000000f74                WCHNET_CreatTcpSocket
 .text.WCHNET_HandleSockInt
                0x000000000000100c      0x294 ./User/main.o
                0x000000000000100c                WCHNET_HandleSockInt
 .text.WCHNET_HandleGlobalInt
                0x00000000000012a0       0x7e ./User/main.o
                0x00000000000012a0                WCHNET_HandleGlobalInt
 .text.led_gpio
                0x000000000000131e       0x34 ./User/main.o
                0x000000000000131e                led_gpio
 .text.startup.main
                0x0000000000001352      0x192 ./User/main.o
                0x0000000000001352                main
 .text.SystemInit
                0x00000000000014e4       0xec ./User/system_ch32v30x.o
                0x00000000000014e4                SystemInit
 .text.vector_handler
                0x00000000000015d0       0xbe ./Startup/startup_ch32v30x.o
                0x00000000000015d4                Ecall_M_Mode_Handler
                0x00000000000015d6                Ecall_U_Mode_Handler
                0x00000000000015d8                Break_Point_Handler
                0x00000000000015da                SysTick_Handler
                0x00000000000015dc                SW_handler
                0x00000000000015de                WWDG_IRQHandler
                0x00000000000015e0                PVD_IRQHandler
                0x00000000000015e2                TAMPER_IRQHandler
                0x00000000000015e4                RTC_IRQHandler
                0x00000000000015e6                FLASH_IRQHandler
                0x00000000000015e8                RCC_IRQHandler
                0x00000000000015ea                EXTI0_IRQHandler
                0x00000000000015ec                EXTI1_IRQHandler
                0x00000000000015ee                EXTI2_IRQHandler
                0x00000000000015f0                EXTI3_IRQHandler
                0x00000000000015f2                EXTI4_IRQHandler
                0x00000000000015f4                DMA1_Channel1_IRQHandler
                0x00000000000015f6                DMA1_Channel2_IRQHandler
                0x00000000000015f8                DMA1_Channel3_IRQHandler
                0x00000000000015fa                DMA1_Channel4_IRQHandler
                0x00000000000015fc                DMA1_Channel5_IRQHandler
                0x00000000000015fe                DMA1_Channel6_IRQHandler
                0x0000000000001600                DMA1_Channel7_IRQHandler
                0x0000000000001602                ADC1_2_IRQHandler
                0x0000000000001604                USB_HP_CAN1_TX_IRQHandler
                0x0000000000001606                USB_LP_CAN1_RX0_IRQHandler
                0x0000000000001608                CAN1_RX1_IRQHandler
                0x000000000000160a                CAN1_SCE_IRQHandler
                0x000000000000160c                EXTI9_5_IRQHandler
                0x000000000000160e                TIM1_BRK_IRQHandler
                0x0000000000001610                TIM1_UP_IRQHandler
                0x0000000000001612                TIM1_TRG_COM_IRQHandler
                0x0000000000001614                TIM1_CC_IRQHandler
                0x0000000000001618                TIM3_IRQHandler
                0x000000000000161a                TIM4_IRQHandler
                0x000000000000161c                I2C1_EV_IRQHandler
                0x000000000000161e                I2C1_ER_IRQHandler
                0x0000000000001620                I2C2_EV_IRQHandler
                0x0000000000001622                I2C2_ER_IRQHandler
                0x0000000000001624                SPI1_IRQHandler
                0x0000000000001626                SPI2_IRQHandler
                0x0000000000001628                USART1_IRQHandler
                0x000000000000162a                USART2_IRQHandler
                0x000000000000162c                USART3_IRQHandler
                0x000000000000162e                EXTI15_10_IRQHandler
                0x0000000000001630                RTCAlarm_IRQHandler
                0x0000000000001632                USBWakeUp_IRQHandler
                0x0000000000001634                TIM8_BRK_IRQHandler
                0x0000000000001636                TIM8_UP_IRQHandler
                0x0000000000001638                TIM8_TRG_COM_IRQHandler
                0x000000000000163a                TIM8_CC_IRQHandler
                0x000000000000163c                RNG_IRQHandler
                0x000000000000163e                FSMC_IRQHandler
                0x0000000000001640                SDIO_IRQHandler
                0x0000000000001642                TIM5_IRQHandler
                0x0000000000001644                SPI3_IRQHandler
                0x0000000000001646                UART4_IRQHandler
                0x0000000000001648                UART5_IRQHandler
                0x000000000000164a                TIM6_IRQHandler
                0x000000000000164c                TIM7_IRQHandler
                0x000000000000164e                DMA2_Channel1_IRQHandler
                0x0000000000001650                DMA2_Channel2_IRQHandler
                0x0000000000001652                DMA2_Channel3_IRQHandler
                0x0000000000001654                DMA2_Channel4_IRQHandler
                0x0000000000001656                DMA2_Channel5_IRQHandler
                0x000000000000165a                ETH_WKUP_IRQHandler
                0x000000000000165c                CAN2_TX_IRQHandler
                0x000000000000165e                CAN2_RX0_IRQHandler
                0x0000000000001660                CAN2_RX1_IRQHandler
                0x0000000000001662                CAN2_SCE_IRQHandler
                0x0000000000001664                OTG_FS_IRQHandler
                0x0000000000001666                USBHSWakeup_IRQHandler
                0x0000000000001668                USBHS_IRQHandler
                0x000000000000166a                DVP_IRQHandler
                0x000000000000166c                UART6_IRQHandler
                0x000000000000166e                UART7_IRQHandler
                0x0000000000001670                UART8_IRQHandler
                0x0000000000001672                TIM9_BRK_IRQHandler
                0x0000000000001674                TIM9_UP_IRQHandler
                0x0000000000001676                TIM9_TRG_COM_IRQHandler
                0x0000000000001678                TIM9_CC_IRQHandler
                0x000000000000167a                TIM10_BRK_IRQHandler
                0x000000000000167c                TIM10_UP_IRQHandler
                0x000000000000167e                TIM10_TRG_COM_IRQHandler
                0x0000000000001680                TIM10_CC_IRQHandler
                0x0000000000001682                DMA2_Channel6_IRQHandler
                0x0000000000001684                DMA2_Channel7_IRQHandler
                0x0000000000001686                DMA2_Channel8_IRQHandler
                0x0000000000001688                DMA2_Channel9_IRQHandler
                0x000000000000168a                DMA2_Channel10_IRQHandler
                0x000000000000168c                DMA2_Channel11_IRQHandler
 .text.handle_reset
                0x000000000000168e       0x92 ./Startup/startup_ch32v30x.o
                0x000000000000168e                handle_reset
 .text.ETH_DeInit
                0x0000000000001720       0x18 ./Peripheral/src/ch32v30x_eth.o
                0x0000000000001720                ETH_DeInit
 .text.ETH_StructInit
                0x0000000000001738       0xd8 ./Peripheral/src/ch32v30x_eth.o
                0x0000000000001738                ETH_StructInit
 .text.ETH_ReadPHYRegister
                0x0000000000001810       0x58 ./Peripheral/src/ch32v30x_eth.o
                0x0000000000001810                ETH_ReadPHYRegister
 .text.ETH_WritePHYRegister
                0x0000000000001868       0x52 ./Peripheral/src/ch32v30x_eth.o
                0x0000000000001868                ETH_WritePHYRegister
 .text.ETH_DMATxDescChainInit
                0x00000000000018ba       0x46 ./Peripheral/src/ch32v30x_eth.o
                0x00000000000018ba                ETH_DMATxDescChainInit
 .text.ETH_DMARxDescChainInit
                0x0000000000001900       0x50 ./Peripheral/src/ch32v30x_eth.o
                0x0000000000001900                ETH_DMARxDescChainInit
 .text.ETH_SoftwareReset
                0x0000000000001950        0xe ./Peripheral/src/ch32v30x_eth.o
                0x0000000000001950                ETH_SoftwareReset
 .text.ETH_DMAClearITPendingBit
                0x000000000000195e        0x8 ./Peripheral/src/ch32v30x_eth.o
                0x000000000000195e                ETH_DMAClearITPendingBit
 .text.ETH_FlushTransmitFIFO
                0x0000000000001966       0x10 ./Peripheral/src/ch32v30x_eth.o
                0x0000000000001966                ETH_FlushTransmitFIFO
 .text.ETH_Start
                0x0000000000001976       0x38 ./Peripheral/src/ch32v30x_eth.o
                0x0000000000001976                ETH_Start
 .text.ETH_DMAITConfig
                0x00000000000019ae       0x1e ./Peripheral/src/ch32v30x_eth.o
                0x00000000000019ae                ETH_DMAITConfig
 .text.ETH_GetCurrentTxBufferAddress
                0x00000000000019cc        0xc ./Peripheral/src/ch32v30x_eth.o
                0x00000000000019cc                ETH_GetCurrentTxBufferAddress
 .text.FSMC_NORSRAMInit
                0x00000000000019d8       0xba ./Peripheral/src/ch32v30x_fsmc.o
                0x00000000000019d8                FSMC_NORSRAMInit
 .text.FSMC_NORSRAMCmd
                0x0000000000001a92       0x1e ./Peripheral/src/ch32v30x_fsmc.o
                0x0000000000001a92                FSMC_NORSRAMCmd
 .text.GPIO_Init
                0x0000000000001ab0       0xc2 ./Peripheral/src/ch32v30x_gpio.o
                0x0000000000001ab0                GPIO_Init
 .text.GPIO_SetBits
                0x0000000000001b72        0x4 ./Peripheral/src/ch32v30x_gpio.o
                0x0000000000001b72                GPIO_SetBits
 .text.GPIO_ResetBits
                0x0000000000001b76        0x4 ./Peripheral/src/ch32v30x_gpio.o
                0x0000000000001b76                GPIO_ResetBits
 .text.GPIO_WriteBit
                0x0000000000001b7a        0xa ./Peripheral/src/ch32v30x_gpio.o
                0x0000000000001b7a                GPIO_WriteBit
 .text.I2C_Init
                0x0000000000001b84      0x11a ./Peripheral/src/ch32v30x_i2c.o
                0x0000000000001b84                I2C_Init
 .text.I2C_Cmd  0x0000000000001c9e       0x1c ./Peripheral/src/ch32v30x_i2c.o
                0x0000000000001c9e                I2C_Cmd
 .text.I2C_GenerateSTART
                0x0000000000001cba       0x1e ./Peripheral/src/ch32v30x_i2c.o
                0x0000000000001cba                I2C_GenerateSTART
 .text.I2C_GenerateSTOP
                0x0000000000001cd8       0x1e ./Peripheral/src/ch32v30x_i2c.o
                0x0000000000001cd8                I2C_GenerateSTOP
 .text.I2C_AcknowledgeConfig
                0x0000000000001cf6       0x1e ./Peripheral/src/ch32v30x_i2c.o
                0x0000000000001cf6                I2C_AcknowledgeConfig
 .text.I2C_SendData
                0x0000000000001d14        0x6 ./Peripheral/src/ch32v30x_i2c.o
                0x0000000000001d14                I2C_SendData
 .text.I2C_Send7bitAddress
                0x0000000000001d1a       0x14 ./Peripheral/src/ch32v30x_i2c.o
                0x0000000000001d1a                I2C_Send7bitAddress
 .text.I2C_CheckEvent
                0x0000000000001d2e       0x1a ./Peripheral/src/ch32v30x_i2c.o
                0x0000000000001d2e                I2C_CheckEvent
 .text.I2C_GetFlagStatus
                0x0000000000001d48       0x32 ./Peripheral/src/ch32v30x_i2c.o
                0x0000000000001d48                I2C_GetFlagStatus
 .text.RCC_GetClocksFreq
                0x0000000000001d7a      0x10e ./Peripheral/src/ch32v30x_rcc.o
                0x0000000000001d7a                RCC_GetClocksFreq
 .text.RCC_AHBPeriphClockCmd
                0x0000000000001e88       0x1e ./Peripheral/src/ch32v30x_rcc.o
                0x0000000000001e88                RCC_AHBPeriphClockCmd
 .text.RCC_APB2PeriphClockCmd
                0x0000000000001ea6       0x1e ./Peripheral/src/ch32v30x_rcc.o
                0x0000000000001ea6                RCC_APB2PeriphClockCmd
 .text.RCC_APB1PeriphClockCmd
                0x0000000000001ec4       0x1e ./Peripheral/src/ch32v30x_rcc.o
                0x0000000000001ec4                RCC_APB1PeriphClockCmd
 .text.RCC_MCOConfig
                0x0000000000001ee2        0xa ./Peripheral/src/ch32v30x_rcc.o
                0x0000000000001ee2                RCC_MCOConfig
 .text.RCC_GetFlagStatus
                0x0000000000001eec       0x2e ./Peripheral/src/ch32v30x_rcc.o
                0x0000000000001eec                RCC_GetFlagStatus
 .text.RCC_PREDIV2Config
                0x0000000000001f1a       0x10 ./Peripheral/src/ch32v30x_rcc.o
                0x0000000000001f1a                RCC_PREDIV2Config
 .text.RCC_PLL3Config
                0x0000000000001f2a       0x12 ./Peripheral/src/ch32v30x_rcc.o
                0x0000000000001f2a                RCC_PLL3Config
 .text.RCC_PLL3Cmd
                0x0000000000001f3c       0x24 ./Peripheral/src/ch32v30x_rcc.o
                0x0000000000001f3c                RCC_PLL3Cmd
 .text.RCC_AHBPeriphResetCmd
                0x0000000000001f60       0x1e ./Peripheral/src/ch32v30x_rcc.o
                0x0000000000001f60                RCC_AHBPeriphResetCmd
 .text.TIM_TimeBaseInit
                0x0000000000001f7e       0xc0 ./Peripheral/src/ch32v30x_tim.o
                0x0000000000001f7e                TIM_TimeBaseInit
 .text.TIM_OC2Init
                0x000000000000203e       0xcc ./Peripheral/src/ch32v30x_tim.o
                0x000000000000203e                TIM_OC2Init
 .text.TIM_Cmd  0x000000000000210a       0x1c ./Peripheral/src/ch32v30x_tim.o
                0x000000000000210a                TIM_Cmd
 .text.TIM_CtrlPWMOutputs
                0x0000000000002126       0x16 ./Peripheral/src/ch32v30x_tim.o
                0x0000000000002126                TIM_CtrlPWMOutputs
 .text.TIM_ITConfig
                0x000000000000213c       0x16 ./Peripheral/src/ch32v30x_tim.o
                0x000000000000213c                TIM_ITConfig
 .text.TIM_ARRPreloadConfig
                0x0000000000002152       0x1e ./Peripheral/src/ch32v30x_tim.o
                0x0000000000002152                TIM_ARRPreloadConfig
 .text.TIM_OC2PreloadConfig
                0x0000000000002170       0x1a ./Peripheral/src/ch32v30x_tim.o
                0x0000000000002170                TIM_OC2PreloadConfig
 .text.TIM_SetCompare2
                0x000000000000218a        0x6 ./Peripheral/src/ch32v30x_tim.o
                0x000000000000218a                TIM_SetCompare2
 .text.TIM_ClearITPendingBit
                0x0000000000002190        0xe ./Peripheral/src/ch32v30x_tim.o
                0x0000000000002190                TIM_ClearITPendingBit
 .text.USART_Init
                0x000000000000219e       0xda ./Peripheral/src/ch32v30x_usart.o
                0x000000000000219e                USART_Init
 .text.USART_Cmd
                0x0000000000002278       0x1c ./Peripheral/src/ch32v30x_usart.o
                0x0000000000002278                USART_Cmd
 .text.USART_SendData
                0x0000000000002294        0xa ./Peripheral/src/ch32v30x_usart.o
                0x0000000000002294                USART_SendData
 .text.USART_GetFlagStatus
                0x000000000000229e        0xc ./Peripheral/src/ch32v30x_usart.o
                0x000000000000229e                USART_GetFlagStatus
 .text.Delay_Init
                0x00000000000022aa       0x26 ./Debug/debug.o
                0x00000000000022aa                Delay_Init
 .text.Delay_Ms
                0x00000000000022d0       0x2c ./Debug/debug.o
                0x00000000000022d0                Delay_Ms
 .text.USART_Printf_Init
                0x00000000000022fc       0x5a ./Debug/debug.o
                0x00000000000022fc                USART_Printf_Init
 .text._write   0x0000000000002356       0x4c ./Debug/debug.o
                0x0000000000002356                _write
 .text.__get_MEPC
                0x00000000000023a2        0x6 ./Core/core_riscv.o
                0x00000000000023a2                __get_MEPC
 .text.__get_MCAUSE
                0x00000000000023a8        0x6 ./Core/core_riscv.o
                0x00000000000023a8                __get_MCAUSE
 .text.__get_MTVAL
                0x00000000000023ae        0x6 ./Core/core_riscv.o
                0x00000000000023ae                __get_MTVAL
 .text.WCH_GetMac
                0x00000000000023b4       0x20 D:\opench-ch32v307\firmware\TcpClient\NetLib\libwchnet.a(eth_driver.o)
                0x00000000000023b4                WCH_GetMac
 .text.ETH_RxPkt_Handle
                0x00000000000023d4       0xe4 D:\opench-ch32v307\firmware\TcpClient\NetLib\libwchnet.a(eth_driver.o)
                0x00000000000023d4                ETH_RxPkt_Handle
 .text.ETH_TxPkt_ChainMode
                0x00000000000024b8       0x3c D:\opench-ch32v307\firmware\TcpClient\NetLib\libwchnet.a(eth_driver.o)
                0x00000000000024b8                ETH_TxPkt_ChainMode
 .text.mac_send
                0x00000000000024f4       0x30 D:\opench-ch32v307\firmware\TcpClient\NetLib\libwchnet.a(eth_driver.o)
                0x00000000000024f4                mac_send
 .text.ETH_Init
                0x0000000000002524      0x164 D:\opench-ch32v307\firmware\TcpClient\NetLib\libwchnet.a(eth_driver.o)
                0x0000000000002524                ETH_Init
 .text.Ethernet_Configuration
                0x0000000000002688       0xae D:\opench-ch32v307\firmware\TcpClient\NetLib\libwchnet.a(eth_driver.o)
                0x0000000000002688                Ethernet_Configuration
 .text.CH563TCPError
                0x0000000000002736        0x2 D:\opench-ch32v307\firmware\TcpClient\NetLib\libwchnet.a(socket.o)
                0x0000000000002736                CH563TCPError
 .text.LwipTCPSendCallBack
                0x0000000000002738       0x3c D:\opench-ch32v307\firmware\TcpClient\NetLib\libwchnet.a(socket.o)
                0x0000000000002738                LwipTCPSendCallBack
 .text.LwipTCPPollCallBack
                0x0000000000002774        0x4 D:\opench-ch32v307\firmware\TcpClient\NetLib\libwchnet.a(socket.o)
                0x0000000000002774                LwipTCPPollCallBack
 .text.SocketIPRAWReceive
                0x0000000000002778       0xc2 D:\opench-ch32v307\firmware\TcpClient\NetLib\libwchnet.a(socket.o)
                0x0000000000002778                SocketIPRAWReceive
 .text.SocketUdpReceive
                0x000000000000283a       0xfc D:\opench-ch32v307\firmware\TcpClient\NetLib\libwchnet.a(socket.o)
                0x000000000000283a                SocketUdpReceive
 .text.WCHSocketTCPReceive
                0x0000000000002936      0x13a D:\opench-ch32v307\firmware\TcpClient\NetLib\libwchnet.a(socket.o)
                0x0000000000002936                WCHSocketTCPReceive
 .text.LwipTcpConnectedCallBack
                0x0000000000002a70       0x42 D:\opench-ch32v307\firmware\TcpClient\NetLib\libwchnet.a(socket.o)
                0x0000000000002a70                LwipTcpConnectedCallBack
 .text.ErrorEncode
                0x0000000000002ab2       0x1a D:\opench-ch32v307\firmware\TcpClient\NetLib\libwchnet.a(socket.o)
                0x0000000000002ab2                ErrorEncode
 .text.MemShortCopy
                0x0000000000002acc       0x1e D:\opench-ch32v307\firmware\TcpClient\NetLib\libwchnet.a(socket.o)
                0x0000000000002acc                MemShortCopy
 .text.WCHSocketInit
                0x0000000000002aea       0x4c D:\opench-ch32v307\firmware\TcpClient\NetLib\libwchnet.a(socket.o)
                0x0000000000002aea                WCHSocketInit
 .text.WCHNET_Init
                0x0000000000002b36       0xee D:\opench-ch32v307\firmware\TcpClient\NetLib\libwchnet.a(socket.o)
                0x0000000000002b36                WCHNET_Init
 .text.WCHNET_ConfigLIB
                0x0000000000002c24       0x1c D:\opench-ch32v307\firmware\TcpClient\NetLib\libwchnet.a(socket.o)
                0x0000000000002c24                WCHNET_ConfigLIB
 .text.PhyDataLed_fun
                0x0000000000002c40       0x40 D:\opench-ch32v307\firmware\TcpClient\NetLib\libwchnet.a(socket.o)
                0x0000000000002c40                PhyDataLed_fun
 .text.WCHNET_ETHIsr
                0x0000000000002c80       0xac D:\opench-ch32v307\firmware\TcpClient\NetLib\libwchnet.a(socket.o)
                0x0000000000002c80                WCHNET_ETHIsr
 .text.WCHNET_TimeIsr
                0x0000000000002d2c        0xc D:\opench-ch32v307\firmware\TcpClient\NetLib\libwchnet.a(socket.o)
                0x0000000000002d2c                WCHNET_TimeIsr
 .text.WCHFindCorrectTCBPcb
                0x0000000000002d38       0x5c D:\opench-ch32v307\firmware\TcpClient\NetLib\libwchnet.a(socket.o)
                0x0000000000002d38                WCHFindCorrectTCBPcb
 .text.WCHNET_SocketCreat
                0x0000000000002d94      0x1b6 D:\opench-ch32v307\firmware\TcpClient\NetLib\libwchnet.a(socket.o)
                0x0000000000002d94                WCHNET_SocketCreat
 .text.tcp_recved_socket
                0x0000000000002f4a       0x28 D:\opench-ch32v307\firmware\TcpClient\NetLib\libwchnet.a(socket.o)
                0x0000000000002f4a                tcp_recved_socket
 .text.WCHNET_SocketRecv
                0x0000000000002f72      0x1d0 D:\opench-ch32v307\firmware\TcpClient\NetLib\libwchnet.a(socket.o)
                0x0000000000002f72                WCHNET_SocketRecv
 .text.WCHNET_SocketRecvLen
                0x0000000000003142       0x26 D:\opench-ch32v307\firmware\TcpClient\NetLib\libwchnet.a(socket.o)
                0x0000000000003142                WCHNET_SocketRecvLen
 .text.SocketIPRawSend
                0x0000000000003168       0xe8 D:\opench-ch32v307\firmware\TcpClient\NetLib\libwchnet.a(socket.o)
                0x0000000000003168                SocketIPRawSend
 .text.SocketUdpSend
                0x0000000000003250       0xcc D:\opench-ch32v307\firmware\TcpClient\NetLib\libwchnet.a(socket.o)
                0x0000000000003250                SocketUdpSend
 .text.WCHScokedIntHandle
                0x000000000000331c       0x62 D:\opench-ch32v307\firmware\TcpClient\NetLib\libwchnet.a(socket.o)
                0x000000000000331c                WCHScokedIntHandle
 .text.LwipRemoveTcpPcb
                0x000000000000337e       0xa2 D:\opench-ch32v307\firmware\TcpClient\NetLib\libwchnet.a(socket.o)
                0x000000000000337e                LwipRemoveTcpPcb
 .text.WCHNET_QueryGlobalInt
                0x0000000000003420       0x2c D:\opench-ch32v307\firmware\TcpClient\NetLib\libwchnet.a(socket.o)
                0x0000000000003420                WCHNET_QueryGlobalInt
 .text.WCHNET_GetGlobalInt
                0x000000000000344c        0xe D:\opench-ch32v307\firmware\TcpClient\NetLib\libwchnet.a(socket.o)
                0x000000000000344c                WCHNET_GetGlobalInt
 .text.WCHNET_GetSocketInt
                0x000000000000345a       0x24 D:\opench-ch32v307\firmware\TcpClient\NetLib\libwchnet.a(socket.o)
                0x000000000000345a                WCHNET_GetSocketInt
 .text.CH563IPSetSocketRecvInit
                0x000000000000347e       0x2a D:\opench-ch32v307\firmware\TcpClient\NetLib\libwchnet.a(socket.o)
                0x000000000000347e                CH563IPSetSocketRecvInit
 .text.WCHNET_MainTask
                0x00000000000034a8       0x28 D:\opench-ch32v307\firmware\TcpClient\NetLib\libwchnet.a(socket.o)
                0x00000000000034a8                WCHNET_MainTask
 .text.SocketTcpSend
                0x00000000000034d0      0x110 D:\opench-ch32v307\firmware\TcpClient\NetLib\libwchnet.a(socket.o)
                0x00000000000034d0                SocketTcpSend
 .text.WCHNET_SocketSend
                0x00000000000035e0       0x56 D:\opench-ch32v307\firmware\TcpClient\NetLib\libwchnet.a(socket.o)
                0x00000000000035e0                WCHNET_SocketSend
 .text.WCHNET_GetPHYStatus
                0x0000000000003636        0x6 D:\opench-ch32v307\firmware\TcpClient\NetLib\libwchnet.a(socket.o)
                0x0000000000003636                WCHNET_GetPHYStatus
 .text.WCHNET_SocketConnect
                0x000000000000363c       0x6c D:\opench-ch32v307\firmware\TcpClient\NetLib\libwchnet.a(socket.o)
                0x000000000000363c                WCHNET_SocketConnect
 .text.QueryPingEnable
                0x00000000000036a8        0x4 D:\opench-ch32v307\firmware\TcpClient\NetLib\libwchnet.a(socket.o)
                0x00000000000036a8                QueryPingEnable
 .text.LwipUnreachPort
                0x00000000000036ac       0x16 D:\opench-ch32v307\firmware\TcpClient\NetLib\libwchnet.a(socket.o)
                0x00000000000036ac                LwipUnreachPort
 .text.LwipArpCheck
                0x00000000000036c2        0x8 D:\opench-ch32v307\firmware\TcpClient\NetLib\libwchnet.a(socket.o)
                0x00000000000036c2                LwipArpCheck
 .text.find_entry
                0x00000000000036ca      0x17a D:\opench-ch32v307\firmware\TcpClient\NetLib\libwchnet.a(etharp.o)
 .text.update_arp_entry
                0x0000000000003844       0xae D:\opench-ch32v307\firmware\TcpClient\NetLib\libwchnet.a(etharp.o)
 .text.etharp_tmr
                0x00000000000038f2       0x4a D:\opench-ch32v307\firmware\TcpClient\NetLib\libwchnet.a(etharp.o)
                0x00000000000038f2                etharp_tmr
 .text.etharp_ip_input
                0x000000000000393c       0x38 D:\opench-ch32v307\firmware\TcpClient\NetLib\libwchnet.a(etharp.o)
                0x000000000000393c                etharp_ip_input
 .text.etharp_arp_input
                0x0000000000003974      0x15e D:\opench-ch32v307\firmware\TcpClient\NetLib\libwchnet.a(etharp.o)
                0x0000000000003974                etharp_arp_input
 .text.etharp_request
                0x0000000000003ad2       0xd8 D:\opench-ch32v307\firmware\TcpClient\NetLib\libwchnet.a(etharp.o)
                0x0000000000003ad2                etharp_request
 .text.etharp_query
                0x0000000000003baa       0xe2 D:\opench-ch32v307\firmware\TcpClient\NetLib\libwchnet.a(etharp.o)
                0x0000000000003baa                etharp_query
 .text.etharp_output
                0x0000000000003c8c      0x13c D:\opench-ch32v307\firmware\TcpClient\NetLib\libwchnet.a(etharp.o)
                0x0000000000003c8c                etharp_output
 .text.ethernet_input
                0x0000000000003dc8       0x58 D:\opench-ch32v307\firmware\TcpClient\NetLib\libwchnet.a(etharp.o)
                0x0000000000003dc8                ethernet_input
 .text.low_level_output
                0x0000000000003e20       0xa4 D:\opench-ch32v307\firmware\TcpClient\NetLib\libwchnet.a(ethernetif.o)
 .text.low_level_init
                0x0000000000003ec4       0x72 D:\opench-ch32v307\firmware\TcpClient\NetLib\libwchnet.a(ethernetif.o)
                0x0000000000003ec4                low_level_init
 .text.ethernetif_init
                0x0000000000003f36       0x34 D:\opench-ch32v307\firmware\TcpClient\NetLib\libwchnet.a(ethernetif.o)
                0x0000000000003f36                ethernetif_init
 .text.ethernetif_input
                0x0000000000003f6a      0x188 D:\opench-ch32v307\firmware\TcpClient\NetLib\libwchnet.a(ethernetif.o)
                0x0000000000003f6a                ethernetif_input
 .text.SetupNetif
                0x00000000000040f2       0xa4 D:\opench-ch32v307\firmware\TcpClient\NetLib\libwchnet.a(ethernetif.o)
                0x00000000000040f2                SetupNetif
 .text.LwIPPeriodicHandle
                0x0000000000004196       0xf4 D:\opench-ch32v307\firmware\TcpClient\NetLib\libwchnet.a(ethernetif.o)
                0x0000000000004196                LwIPPeriodicHandle
 .text.htons    0x000000000000428a        0xe D:\opench-ch32v307\firmware\TcpClient\NetLib\libwchnet.a(inet.o)
                0x000000000000428a                htons
 .text.ntohs    0x0000000000004298        0xe D:\opench-ch32v307\firmware\TcpClient\NetLib\libwchnet.a(inet.o)
                0x0000000000004298                ntohs
 .text.htonl    0x00000000000042a6       0x24 D:\opench-ch32v307\firmware\TcpClient\NetLib\libwchnet.a(inet.o)
                0x00000000000042a6                htonl
 .text.ntohl    0x00000000000042ca        0xc D:\opench-ch32v307\firmware\TcpClient\NetLib\libwchnet.a(inet.o)
                0x00000000000042ca                ntohl
 .text.ip_route
                0x00000000000042d6       0x4c D:\opench-ch32v307\firmware\TcpClient\NetLib\libwchnet.a(ip.o)
                0x00000000000042d6                ip_route
 .text.ip_input
                0x0000000000004322      0x2b8 D:\opench-ch32v307\firmware\TcpClient\NetLib\libwchnet.a(ip.o)
                0x0000000000004322                ip_input
 .text.ip_output_if
                0x00000000000045da      0x15a D:\opench-ch32v307\firmware\TcpClient\NetLib\libwchnet.a(ip.o)
                0x00000000000045da                ip_output_if
 .text.ip_output
                0x0000000000004734       0x36 D:\opench-ch32v307\firmware\TcpClient\NetLib\libwchnet.a(ip.o)
                0x0000000000004734                ip_output
 .text.ip_addr_isbroadcast
                0x000000000000476a       0x4a D:\opench-ch32v307\firmware\TcpClient\NetLib\libwchnet.a(ip_addr.o)
                0x000000000000476a                ip_addr_isbroadcast
 .text.ip_reass_tmr
                0x00000000000047b4       0xe6 D:\opench-ch32v307\firmware\TcpClient\NetLib\libwchnet.a(ip_frag.o)
                0x00000000000047b4                ip_reass_tmr
 .text.ip_reass
                0x000000000000489a      0x3d6 D:\opench-ch32v307\firmware\TcpClient\NetLib\libwchnet.a(ip_frag.o)
                0x000000000000489a                ip_reass
 .text.ip_frag  0x0000000000004c70      0x176 D:\opench-ch32v307\firmware\TcpClient\NetLib\libwchnet.a(ip_frag.o)
                0x0000000000004c70                ip_frag
 .text.lwip_init
                0x0000000000004de6       0x14 D:\opench-ch32v307\firmware\TcpClient\NetLib\libwchnet.a(init.o)
                0x0000000000004de6                lwip_init
 .text.mem_init
                0x0000000000004dfa       0x3a D:\opench-ch32v307\firmware\TcpClient\NetLib\libwchnet.a(mem.o)
                0x0000000000004dfa                mem_init
 .text.mem_free
                0x0000000000004e34       0x84 D:\opench-ch32v307\firmware\TcpClient\NetLib\libwchnet.a(mem.o)
                0x0000000000004e34                mem_free
 .text.mem_realloc
                0x0000000000004eb8       0xc6 D:\opench-ch32v307\firmware\TcpClient\NetLib\libwchnet.a(mem.o)
                0x0000000000004eb8                mem_realloc
 .text.mem_malloc
                0x0000000000004f7e       0xcc D:\opench-ch32v307\firmware\TcpClient\NetLib\libwchnet.a(mem.o)
                0x0000000000004f7e                mem_malloc
 .text.memp_init
                0x000000000000504a       0x4c D:\opench-ch32v307\firmware\TcpClient\NetLib\libwchnet.a(memp.o)
                0x000000000000504a                memp_init
 .text.memp_malloc
                0x0000000000005096       0x1c D:\opench-ch32v307\firmware\TcpClient\NetLib\libwchnet.a(memp.o)
                0x0000000000005096                memp_malloc
 .text.memp_free
                0x00000000000050b2       0x14 D:\opench-ch32v307\firmware\TcpClient\NetLib\libwchnet.a(memp.o)
                0x00000000000050b2                memp_free
 .text.netif_set_ipaddr
                0x00000000000050c6       0x96 D:\opench-ch32v307\firmware\TcpClient\NetLib\libwchnet.a(netif.o)
                0x00000000000050c6                netif_set_ipaddr
 .text.netif_set_addr
                0x000000000000515c       0x4e D:\opench-ch32v307\firmware\TcpClient\NetLib\libwchnet.a(netif.o)
                0x000000000000515c                netif_set_addr
 .text.netif_add
                0x00000000000051aa       0x5a D:\opench-ch32v307\firmware\TcpClient\NetLib\libwchnet.a(netif.o)
                0x00000000000051aa                netif_add
 .text.netif_set_default
                0x0000000000005204        0x6 D:\opench-ch32v307\firmware\TcpClient\NetLib\libwchnet.a(netif.o)
                0x0000000000005204                netif_set_default
 .text.netif_is_up
                0x000000000000520a        0x8 D:\opench-ch32v307\firmware\TcpClient\NetLib\libwchnet.a(netif.o)
                0x000000000000520a                netif_is_up
 .text.pbuf_header
                0x0000000000005212       0x6e D:\opench-ch32v307\firmware\TcpClient\NetLib\libwchnet.a(pbuf.o)
                0x0000000000005212                pbuf_header
 .text.pbuf_free
                0x0000000000005280       0x4e D:\opench-ch32v307\firmware\TcpClient\NetLib\libwchnet.a(pbuf.o)
                0x0000000000005280                pbuf_free
 .text.pbuf_alloc
                0x00000000000052ce      0x13c D:\opench-ch32v307\firmware\TcpClient\NetLib\libwchnet.a(pbuf.o)
                0x00000000000052ce                pbuf_alloc
 .text.pbuf_realloc
                0x000000000000540a       0x58 D:\opench-ch32v307\firmware\TcpClient\NetLib\libwchnet.a(pbuf.o)
                0x000000000000540a                pbuf_realloc
 .text.pbuf_clen
                0x0000000000005462       0x12 D:\opench-ch32v307\firmware\TcpClient\NetLib\libwchnet.a(pbuf.o)
                0x0000000000005462                pbuf_clen
 .text.pbuf_ref
                0x0000000000005474        0xa D:\opench-ch32v307\firmware\TcpClient\NetLib\libwchnet.a(pbuf.o)
                0x0000000000005474                pbuf_ref
 .text.pbuf_cat
                0x000000000000547e       0x1c D:\opench-ch32v307\firmware\TcpClient\NetLib\libwchnet.a(pbuf.o)
                0x000000000000547e                pbuf_cat
 .text.pbuf_chain
                0x000000000000549a       0x14 D:\opench-ch32v307\firmware\TcpClient\NetLib\libwchnet.a(pbuf.o)
                0x000000000000549a                pbuf_chain
 .text.pbuf_copy
                0x00000000000054ae       0x9c D:\opench-ch32v307\firmware\TcpClient\NetLib\libwchnet.a(pbuf.o)
                0x00000000000054ae                pbuf_copy
 .text.raw_input
                0x000000000000554a       0x68 D:\opench-ch32v307\firmware\TcpClient\NetLib\libwchnet.a(raw.o)
                0x000000000000554a                raw_input
 .text.raw_bind
                0x00000000000055b2       0x1e D:\opench-ch32v307\firmware\TcpClient\NetLib\libwchnet.a(raw.o)
                0x00000000000055b2                raw_bind
 .text.raw_connect
                0x00000000000055d0       0x1e D:\opench-ch32v307\firmware\TcpClient\NetLib\libwchnet.a(raw.o)
                0x00000000000055d0                raw_connect
 .text.raw_recv
                0x00000000000055ee        0x6 D:\opench-ch32v307\firmware\TcpClient\NetLib\libwchnet.a(raw.o)
                0x00000000000055ee                raw_recv
 .text.raw_sendto
                0x00000000000055f4       0x7e D:\opench-ch32v307\firmware\TcpClient\NetLib\libwchnet.a(raw.o)
                0x00000000000055f4                raw_sendto
 .text.raw_send
                0x0000000000005672       0x10 D:\opench-ch32v307\firmware\TcpClient\NetLib\libwchnet.a(raw.o)
                0x0000000000005672                raw_send
 .text.raw_new  0x0000000000005682       0x30 D:\opench-ch32v307\firmware\TcpClient\NetLib\libwchnet.a(raw.o)
                0x0000000000005682                raw_new
 .text.tcp_new_port
                0x00000000000056b2       0x5c D:\opench-ch32v307\firmware\TcpClient\NetLib\libwchnet.a(tcp.o)
 .text.tcp_bind
                0x000000000000570e      0x116 D:\opench-ch32v307\firmware\TcpClient\NetLib\libwchnet.a(tcp.o)
                0x000000000000570e                tcp_bind
 .text.tcp_update_rcv_ann_wnd
                0x0000000000005824       0x40 D:\opench-ch32v307\firmware\TcpClient\NetLib\libwchnet.a(tcp.o)
                0x0000000000005824                tcp_update_rcv_ann_wnd
 .text.tcp_recved
                0x0000000000005864       0x44 D:\opench-ch32v307\firmware\TcpClient\NetLib\libwchnet.a(tcp.o)
                0x0000000000005864                tcp_recved
 .text.tcp_seg_free
                0x00000000000058a8       0x2a D:\opench-ch32v307\firmware\TcpClient\NetLib\libwchnet.a(tcp.o)
                0x00000000000058a8                tcp_seg_free
 .text.tcp_segs_free
                0x00000000000058d2       0x1e D:\opench-ch32v307\firmware\TcpClient\NetLib\libwchnet.a(tcp.o)
                0x00000000000058d2                tcp_segs_free
 .text.tcp_seg_copy
                0x00000000000058f0       0x28 D:\opench-ch32v307\firmware\TcpClient\NetLib\libwchnet.a(tcp.o)
                0x00000000000058f0                tcp_seg_copy
 .text.tcp_arg  0x0000000000005918        0x4 D:\opench-ch32v307\firmware\TcpClient\NetLib\libwchnet.a(tcp.o)
                0x0000000000005918                tcp_arg
 .text.tcp_recv
                0x000000000000591c        0x6 D:\opench-ch32v307\firmware\TcpClient\NetLib\libwchnet.a(tcp.o)
                0x000000000000591c                tcp_recv
 .text.tcp_sent
                0x0000000000005922        0x6 D:\opench-ch32v307\firmware\TcpClient\NetLib\libwchnet.a(tcp.o)
                0x0000000000005922                tcp_sent
 .text.tcp_err  0x0000000000005928        0x6 D:\opench-ch32v307\firmware\TcpClient\NetLib\libwchnet.a(tcp.o)
                0x0000000000005928                tcp_err
 .text.tcp_poll
                0x000000000000592e        0xa D:\opench-ch32v307\firmware\TcpClient\NetLib\libwchnet.a(tcp.o)
                0x000000000000592e                tcp_poll
 .text.tcp_pcb_purge
                0x0000000000005938       0x4c D:\opench-ch32v307\firmware\TcpClient\NetLib\libwchnet.a(tcp.o)
                0x0000000000005938                tcp_pcb_purge
 .text.tcp_slowtmr
                0x0000000000005984      0x270 D:\opench-ch32v307\firmware\TcpClient\NetLib\libwchnet.a(tcp.o)
                0x0000000000005984                tcp_slowtmr
 .text.RemoveTimeWaiTCP
                0x0000000000005bf4       0x32 D:\opench-ch32v307\firmware\TcpClient\NetLib\libwchnet.a(tcp.o)
                0x0000000000005bf4                RemoveTimeWaiTCP
 .text.tcp_pcb_remove
                0x0000000000005c26       0x72 D:\opench-ch32v307\firmware\TcpClient\NetLib\libwchnet.a(tcp.o)
                0x0000000000005c26                tcp_pcb_remove
 .text.tcp_close
                0x0000000000005c98       0xb2 D:\opench-ch32v307\firmware\TcpClient\NetLib\libwchnet.a(tcp.o)
                0x0000000000005c98                tcp_close
 .text.tcp_recv_null
                0x0000000000005d4a       0x30 D:\opench-ch32v307\firmware\TcpClient\NetLib\libwchnet.a(tcp.o)
                0x0000000000005d4a                tcp_recv_null
 .text.tcp_fasttmr
                0x0000000000005d7a       0x62 D:\opench-ch32v307\firmware\TcpClient\NetLib\libwchnet.a(tcp.o)
                0x0000000000005d7a                tcp_fasttmr
 .text.tcp_tmr  0x0000000000005ddc       0x22 D:\opench-ch32v307\firmware\TcpClient\NetLib\libwchnet.a(tcp.o)
                0x0000000000005ddc                tcp_tmr
 .text.tcp_abandon
                0x0000000000005dfe       0x98 D:\opench-ch32v307\firmware\TcpClient\NetLib\libwchnet.a(tcp.o)
                0x0000000000005dfe                tcp_abandon
 .text.tcp_next_iss
                0x0000000000005e96       0x10 D:\opench-ch32v307\firmware\TcpClient\NetLib\libwchnet.a(tcp.o)
                0x0000000000005e96                tcp_next_iss
 .text.tcp_alloc
                0x0000000000005ea6      0x130 D:\opench-ch32v307\firmware\TcpClient\NetLib\libwchnet.a(tcp.o)
                0x0000000000005ea6                tcp_alloc
 .text.tcp_new  0x0000000000005fd6       0x10 D:\opench-ch32v307\firmware\TcpClient\NetLib\libwchnet.a(tcp.o)
                0x0000000000005fd6                tcp_new
 .text.tcp_eff_send_mss
                0x0000000000005fe6       0x2e D:\opench-ch32v307\firmware\TcpClient\NetLib\libwchnet.a(tcp.o)
                0x0000000000005fe6                tcp_eff_send_mss
 .text.tcp_connect
                0x0000000000006014       0xe6 D:\opench-ch32v307\firmware\TcpClient\NetLib\libwchnet.a(tcp.o)
                0x0000000000006014                tcp_connect
 .text.tcp_oos_insert_segment
                0x00000000000060fa       0xce D:\opench-ch32v307\firmware\TcpClient\NetLib\libwchnet.a(tcp_in.o)
 .text.tcp_receive
                0x00000000000061c8      0x8c8 D:\opench-ch32v307\firmware\TcpClient\NetLib\libwchnet.a(tcp_in.o)
 .text.tcp_parseopt.isra.0
                0x0000000000006a90       0xa2 D:\opench-ch32v307\firmware\TcpClient\NetLib\libwchnet.a(tcp_in.o)
 .text.tcp_input
                0x0000000000006b32      0x9b2 D:\opench-ch32v307\firmware\TcpClient\NetLib\libwchnet.a(tcp_in.o)
                0x0000000000006b32                tcp_input
 .text.tcp_output_set_header.isra.0.constprop.1
                0x00000000000074e4       0xcc D:\opench-ch32v307\firmware\TcpClient\NetLib\libwchnet.a(tcp_out.o)
 .text.tcp_enqueue
                0x00000000000075b0      0x43c D:\opench-ch32v307\firmware\TcpClient\NetLib\libwchnet.a(tcp_out.o)
                0x00000000000075b0                tcp_enqueue
 .text.tcp_send_ctrl
                0x00000000000079ec       0x16 D:\opench-ch32v307\firmware\TcpClient\NetLib\libwchnet.a(tcp_out.o)
                0x00000000000079ec                tcp_send_ctrl
 .text.tcp_write
                0x0000000000007a02       0x30 D:\opench-ch32v307\firmware\TcpClient\NetLib\libwchnet.a(tcp_out.o)
                0x0000000000007a02                tcp_write
 .text.tcp_send_empty_ack
                0x0000000000007a32       0x6c D:\opench-ch32v307\firmware\TcpClient\NetLib\libwchnet.a(tcp_out.o)
                0x0000000000007a32                tcp_send_empty_ack
 .text.tcp_output
                0x0000000000007a9e      0x356 D:\opench-ch32v307\firmware\TcpClient\NetLib\libwchnet.a(tcp_out.o)
                0x0000000000007a9e                tcp_output
 .text.tcp_rst  0x0000000000007df4      0x104 D:\opench-ch32v307\firmware\TcpClient\NetLib\libwchnet.a(tcp_out.o)
                0x0000000000007df4                tcp_rst
 .text.tcp_rexmit_rto
                0x0000000000007ef8       0x34 D:\opench-ch32v307\firmware\TcpClient\NetLib\libwchnet.a(tcp_out.o)
                0x0000000000007ef8                tcp_rexmit_rto
 .text.tcp_rexmit
                0x0000000000007f2c       0x78 D:\opench-ch32v307\firmware\TcpClient\NetLib\libwchnet.a(tcp_out.o)
                0x0000000000007f2c                tcp_rexmit
 .text.tcp_rexmit_fast
                0x0000000000007fa4       0x5e D:\opench-ch32v307\firmware\TcpClient\NetLib\libwchnet.a(tcp_out.o)
                0x0000000000007fa4                tcp_rexmit_fast
 .text.tcp_keepalive
                0x0000000000008002       0x5e D:\opench-ch32v307\firmware\TcpClient\NetLib\libwchnet.a(tcp_out.o)
                0x0000000000008002                tcp_keepalive
 .text.tcp_zero_window_probe
                0x0000000000008060       0xd0 D:\opench-ch32v307\firmware\TcpClient\NetLib\libwchnet.a(tcp_out.o)
                0x0000000000008060                tcp_zero_window_probe
 .text.udp_input
                0x0000000000008130      0x23a D:\opench-ch32v307\firmware\TcpClient\NetLib\libwchnet.a(udp.o)
                0x0000000000008130                udp_input
 .text.udp_bind
                0x000000000000836a       0x9a D:\opench-ch32v307\firmware\TcpClient\NetLib\libwchnet.a(udp.o)
                0x000000000000836a                udp_bind
 .text.udp_sendto_if
                0x0000000000008404       0xd8 D:\opench-ch32v307\firmware\TcpClient\NetLib\libwchnet.a(udp.o)
                0x0000000000008404                udp_sendto_if
 .text.udp_sendto
                0x00000000000084dc       0x2e D:\opench-ch32v307\firmware\TcpClient\NetLib\libwchnet.a(udp.o)
                0x00000000000084dc                udp_sendto
 .text.udp_send
                0x000000000000850a       0x12 D:\opench-ch32v307\firmware\TcpClient\NetLib\libwchnet.a(udp.o)
                0x000000000000850a                udp_send
 .text.udp_connect
                0x000000000000851c       0x7e D:\opench-ch32v307\firmware\TcpClient\NetLib\libwchnet.a(udp.o)
                0x000000000000851c                udp_connect
 .text.udp_recv
                0x000000000000859a        0x6 D:\opench-ch32v307\firmware\TcpClient\NetLib\libwchnet.a(udp.o)
                0x000000000000859a                udp_recv
 .text.udp_new  0x00000000000085a0       0x24 D:\opench-ch32v307\firmware\TcpClient\NetLib\libwchnet.a(udp.o)
                0x00000000000085a0                udp_new
 .text.IPCheckParaInit
                0x00000000000085c4       0x1a D:\opench-ch32v307\firmware\TcpClient\NetLib\libwchnet.a(ipcheck.o)
                0x00000000000085c4                IPCheckParaInit
 .text.SelIPARPSend
                0x00000000000085de       0x34 D:\opench-ch32v307\firmware\TcpClient\NetLib\libwchnet.a(ipcheck.o)
                0x00000000000085de                SelIPARPSend
 .text.IPCheckTmr
                0x0000000000008612       0x3e D:\opench-ch32v307\firmware\TcpClient\NetLib\libwchnet.a(ipcheck.o)
                0x0000000000008612                IPCheckTmr
 .text.ArpCheck
                0x0000000000008650       0x24 D:\opench-ch32v307\firmware\TcpClient\NetLib\libwchnet.a(ipcheck.o)
                0x0000000000008650                ArpCheck
 .text.IPConflictHandle
                0x0000000000008674       0x26 D:\opench-ch32v307\firmware\TcpClient\NetLib\libwchnet.a(ipcheck.o)
                0x0000000000008674                IPConflictHandle
 .text.dhcp_set_state
                0x000000000000869a        0xe D:\opench-ch32v307\firmware\TcpClient\NetLib\libwchnet.a(wchnet_dhcp.o)
 .text.dhcp_option
                0x00000000000086a8       0x20 D:\opench-ch32v307\firmware\TcpClient\NetLib\libwchnet.a(wchnet_dhcp.o)
 .text.dhcp_option_byte
                0x00000000000086c8       0x12 D:\opench-ch32v307\firmware\TcpClient\NetLib\libwchnet.a(wchnet_dhcp.o)
 .text.dhcp_option_long
                0x00000000000086da       0x48 D:\opench-ch32v307\firmware\TcpClient\NetLib\libwchnet.a(wchnet_dhcp.o)
 .text.dhcp_option_trailer
                0x0000000000008722       0x34 D:\opench-ch32v307\firmware\TcpClient\NetLib\libwchnet.a(wchnet_dhcp.o)
 .text.dhcp_create_request
                0x0000000000008756      0x17e D:\opench-ch32v307\firmware\TcpClient\NetLib\libwchnet.a(wchnet_dhcp.o)
 .text.dhcp_delete_request
                0x00000000000088d4       0x20 D:\opench-ch32v307\firmware\TcpClient\NetLib\libwchnet.a(wchnet_dhcp.o)
 .text.dhcp_arp_reply
                0x00000000000088f4      0x184 D:\opench-ch32v307\firmware\TcpClient\NetLib\libwchnet.a(wchnet_dhcp.o)
                0x00000000000088f4                dhcp_arp_reply
 .text.icmp_send_response.isra.0
                0x0000000000008a78       0x76 D:\opench-ch32v307\firmware\TcpClient\NetLib\libwchnet.a(icmp.o)
 .text.icmp_input
                0x0000000000008aee      0x250 D:\opench-ch32v307\firmware\TcpClient\NetLib\libwchnet.a(icmp.o)
                0x0000000000008aee                icmp_input
 .text.icmp_dest_unreach
                0x0000000000008d3e       0x14 D:\opench-ch32v307\firmware\TcpClient\NetLib\libwchnet.a(icmp.o)
                0x0000000000008d3e                icmp_dest_unreach
 .text.icmp_time_exceeded
                0x0000000000008d52       0x14 D:\opench-ch32v307\firmware\TcpClient\NetLib\libwchnet.a(icmp.o)
                0x0000000000008d52                icmp_time_exceeded
 .text.lwip_standard_chksum
                0x0000000000008d66       0x7e D:\opench-ch32v307\firmware\TcpClient\NetLib\libwchnet.a(inet_chksum.o)
 .text.inet_chksum_pseudo
                0x0000000000008de4       0xf8 D:\opench-ch32v307\firmware\TcpClient\NetLib\libwchnet.a(inet_chksum.o)
                0x0000000000008de4                inet_chksum_pseudo
 .text.inet_chksum
                0x0000000000008edc       0x14 D:\opench-ch32v307\firmware\TcpClient\NetLib\libwchnet.a(inet_chksum.o)
                0x0000000000008edc                inet_chksum
 .text.inet_chksum_pbuf
                0x0000000000008ef0       0x6a D:\opench-ch32v307\firmware\TcpClient\NetLib\libwchnet.a(inet_chksum.o)
                0x0000000000008ef0                inet_chksum_pbuf
 .text.printchar
                0x0000000000008f5a       0x4c d:/mounriver/mounriver_studio/toolchain/risc-v embedded gcc/bin/../lib/gcc/riscv-none-embed/8.2.0/../../../../riscv-none-embed/lib/rv32imac/ilp32\libprintf.a(wchprintf.o)
                0x0000000000008f5a                printchar
 .text.prints   0x0000000000008fa6       0xe0 d:/mounriver/mounriver_studio/toolchain/risc-v embedded gcc/bin/../lib/gcc/riscv-none-embed/8.2.0/../../../../riscv-none-embed/lib/rv32imac/ilp32\libprintf.a(wchprintf.o)
                0x0000000000008fa6                prints
 .text.printInt
                0x0000000000009086       0xf4 d:/mounriver/mounriver_studio/toolchain/risc-v embedded gcc/bin/../lib/gcc/riscv-none-embed/8.2.0/../../../../riscv-none-embed/lib/rv32imac/ilp32\libprintf.a(wchprintf.o)
                0x0000000000009086                printInt
 .text.printLongLongInt
                0x000000000000917a        0x4 d:/mounriver/mounriver_studio/toolchain/risc-v embedded gcc/bin/../lib/gcc/riscv-none-embed/8.2.0/../../../../riscv-none-embed/lib/rv32imac/ilp32\libprintf.a(wchprintf.o)
                0x000000000000917a                printLongLongInt
 .text.printDouble
                0x000000000000917e        0x4 d:/mounriver/mounriver_studio/toolchain/risc-v embedded gcc/bin/../lib/gcc/riscv-none-embed/8.2.0/../../../../riscv-none-embed/lib/rv32imac/ilp32\libprintf.a(wchprintf.o)
                0x000000000000917e                printDouble
 .text.print    0x0000000000009182      0x322 d:/mounriver/mounriver_studio/toolchain/risc-v embedded gcc/bin/../lib/gcc/riscv-none-embed/8.2.0/../../../../riscv-none-embed/lib/rv32imac/ilp32\libprintf.a(wchprintf.o)
                0x0000000000009182                print
 .text.printf   0x00000000000094a4       0x24 d:/mounriver/mounriver_studio/toolchain/risc-v embedded gcc/bin/../lib/gcc/riscv-none-embed/8.2.0/../../../../riscv-none-embed/lib/rv32imac/ilp32\libprintf.a(wchprintf.o)
                0x00000000000094a4                printf
 .text.puts     0x00000000000094c8       0x54 d:/mounriver/mounriver_studio/toolchain/risc-v embedded gcc/bin/../lib/gcc/riscv-none-embed/8.2.0/../../../../riscv-none-embed/lib/rv32imac/ilp32\libprintf.a(wchprintf.o)
                0x00000000000094c8                puts
 .text.memcpy   0x000000000000951c       0xb6 d:/mounriver/mounriver_studio/toolchain/risc-v embedded gcc/bin/../lib/gcc/riscv-none-embed/8.2.0/../../../../riscv-none-embed/lib/rv32imac/ilp32\libg_nano.a(lib_a-memcpy.o)
                0x000000000000951c                memcpy
 .text.strlen   0x00000000000095d2       0x12 d:/mounriver/mounriver_studio/toolchain/risc-v embedded gcc/bin/../lib/gcc/riscv-none-embed/8.2.0/../../../../riscv-none-embed/lib/rv32imac/ilp32\libg_nano.a(lib_a-strlen.o)
                0x00000000000095d2                strlen
 .text.strncmp  0x00000000000095e4       0x2c d:/mounriver/mounriver_studio/toolchain/risc-v embedded gcc/bin/../lib/gcc/riscv-none-embed/8.2.0/../../../../riscv-none-embed/lib/rv32imac/ilp32\libg_nano.a(lib_a-strncmp.o)
                0x00000000000095e4                strncmp
 .text._vsnprintf_r
                0x0000000000009610       0x5e d:/mounriver/mounriver_studio/toolchain/risc-v embedded gcc/bin/../lib/gcc/riscv-none-embed/8.2.0/../../../../riscv-none-embed/lib/rv32imac/ilp32\libg_nano.a(lib_a-vsnprintf.o)
                0x0000000000009610                _vsniprintf_r
                0x0000000000009610                _vsnprintf_r
 .text.vsnprintf
                0x000000000000966e       0x12 d:/mounriver/mounriver_studio/toolchain/risc-v embedded gcc/bin/../lib/gcc/riscv-none-embed/8.2.0/../../../../riscv-none-embed/lib/rv32imac/ilp32\libg_nano.a(lib_a-vsnprintf.o)
                0x000000000000966e                vsniprintf
                0x000000000000966e                vsnprintf
 .text.__ssputs_r
                0x0000000000009680       0xea d:/mounriver/mounriver_studio/toolchain/risc-v embedded gcc/bin/../lib/gcc/riscv-none-embed/8.2.0/../../../../riscv-none-embed/lib/rv32imac/ilp32\libg_nano.a(lib_a-nano-svfprintf.o)
                0x0000000000009680                __ssputs_r
 .text._svfprintf_r
                0x000000000000976a      0x278 d:/mounriver/mounriver_studio/toolchain/risc-v embedded gcc/bin/../lib/gcc/riscv-none-embed/8.2.0/../../../../riscv-none-embed/lib/rv32imac/ilp32\libg_nano.a(lib_a-nano-svfprintf.o)
                0x000000000000976a                _svfiprintf_r
                0x000000000000976a                _svfprintf_r
 .text._printf_common
                0x00000000000099e2      0x10c d:/mounriver/mounriver_studio/toolchain/risc-v embedded gcc/bin/../lib/gcc/riscv-none-embed/8.2.0/../../../../riscv-none-embed/lib/rv32imac/ilp32\libg_nano.a(lib_a-nano-vfprintf_i.o)
                0x00000000000099e2                _printf_common
 .text._printf_i
                0x0000000000009aee      0x2aa d:/mounriver/mounriver_studio/toolchain/risc-v embedded gcc/bin/../lib/gcc/riscv-none-embed/8.2.0/../../../../riscv-none-embed/lib/rv32imac/ilp32\libg_nano.a(lib_a-nano-vfprintf_i.o)
                0x0000000000009aee                _printf_i
 .text.memchr   0x0000000000009d98       0x1a d:/mounriver/mounriver_studio/toolchain/risc-v embedded gcc/bin/../lib/gcc/riscv-none-embed/8.2.0/../../../../riscv-none-embed/lib/rv32imac/ilp32\libg_nano.a(lib_a-memchr.o)
                0x0000000000009d98                memchr
 .text.memmove  0x0000000000009db2       0x4a d:/mounriver/mounriver_studio/toolchain/risc-v embedded gcc/bin/../lib/gcc/riscv-none-embed/8.2.0/../../../../riscv-none-embed/lib/rv32imac/ilp32\libg_nano.a(lib_a-memmove.o)
                0x0000000000009db2                memmove
 .text._free_r  0x0000000000009dfc       0xa4 d:/mounriver/mounriver_studio/toolchain/risc-v embedded gcc/bin/../lib/gcc/riscv-none-embed/8.2.0/../../../../riscv-none-embed/lib/rv32imac/ilp32\libg_nano.a(lib_a-nano-freer.o)
                0x0000000000009dfc                _free_r
 .text._malloc_r
                0x0000000000009ea0       0xce d:/mounriver/mounriver_studio/toolchain/risc-v embedded gcc/bin/../lib/gcc/riscv-none-embed/8.2.0/../../../../riscv-none-embed/lib/rv32imac/ilp32\libg_nano.a(lib_a-nano-mallocr.o)
                0x0000000000009ea0                _malloc_r
 .text._realloc_r
                0x0000000000009f6e       0x58 d:/mounriver/mounriver_studio/toolchain/risc-v embedded gcc/bin/../lib/gcc/riscv-none-embed/8.2.0/../../../../riscv-none-embed/lib/rv32imac/ilp32\libg_nano.a(lib_a-nano-reallocr.o)
                0x0000000000009f6e                _realloc_r
 .text._sbrk_r  0x0000000000009fc6       0x30 d:/mounriver/mounriver_studio/toolchain/risc-v embedded gcc/bin/../lib/gcc/riscv-none-embed/8.2.0/../../../../riscv-none-embed/lib/rv32imac/ilp32\libg_nano.a(lib_a-sbrkr.o)
                0x0000000000009fc6                _sbrk_r
 .text.__malloc_lock
                0x0000000000009ff6        0x2 d:/mounriver/mounriver_studio/toolchain/risc-v embedded gcc/bin/../lib/gcc/riscv-none-embed/8.2.0/../../../../riscv-none-embed/lib/rv32imac/ilp32\libg_nano.a(lib_a-mlock.o)
                0x0000000000009ff6                __malloc_lock
 .text.__malloc_unlock
                0x0000000000009ff8        0x2 d:/mounriver/mounriver_studio/toolchain/risc-v embedded gcc/bin/../lib/gcc/riscv-none-embed/8.2.0/../../../../riscv-none-embed/lib/rv32imac/ilp32\libg_nano.a(lib_a-mlock.o)
                0x0000000000009ff8                __malloc_unlock
 .text._malloc_usable_size_r
                0x0000000000009ffa       0x14 d:/mounriver/mounriver_studio/toolchain/risc-v embedded gcc/bin/../lib/gcc/riscv-none-embed/8.2.0/../../../../riscv-none-embed/lib/rv32imac/ilp32\libg_nano.a(lib_a-nano-msizer.o)
                0x0000000000009ffa                _malloc_usable_size_r
 .text._sbrk    0x000000000000a00e       0x24 d:/mounriver/mounriver_studio/toolchain/risc-v embedded gcc/bin/../lib/gcc/riscv-none-embed/8.2.0/../../../../riscv-none-embed/lib/rv32imac/ilp32\libnosys.a(sbrk.o)
                0x000000000000a00e                _sbrk
 *(.rodata)
 *(.rodata*)
 *fill*         0x000000000000a032        0x2 
 .rodata.HardFault_Handler.str1.4
                0x000000000000a034       0x42 ./User/ch32v30x_it.o
 *fill*         0x000000000000a076        0x2 
 .rodata.asc2_1608
                0x000000000000a078      0x5e0 ./User/lcd.o
                0x000000000000a078                asc2_1608
 .rodata.asc2_2412
                0x000000000000a658     0x11a0 ./User/lcd.o
                0x000000000000a658                asc2_2412
 .rodata.asc2_3216
                0x000000000000b7f8     0x1780 ./User/lcd.o
                0x000000000000b7f8                asc2_3216
 .rodata.lcd_init.str1.4
                0x000000000000cf78        0xa ./User/lcd.o
 *fill*         0x000000000000cf82        0x2 
 .rodata.lcd_show_char.str1.4
                0x000000000000cf84       0x4a ./User/lcd.o
 *fill*         0x000000000000cfce        0x2 
 .rodata.lcd_show_image.str1.4
                0x000000000000cfd0        0x6 ./User/lcd.o
 *fill*         0x000000000000cfd6        0x2 
 .rodata.lcd_show_string.str1.4
                0x000000000000cfd8       0x1e ./User/lcd.o
 *fill*         0x000000000000cff6        0x2 
 .rodata.MemNum
                0x000000000000cff8       0x10 ./User/main.o
                0x000000000000cff8                MemNum
 .rodata.MemSize
                0x000000000000d008       0x10 ./User/main.o
                0x000000000000d008                MemSize
 .rodata.WCHNET_CreatTcpSocket.str1.4
                0x000000000000d018       0x24 ./User/main.o
 .rodata.WCHNET_HandleGlobalInt.str1.4
                0x000000000000d03c       0x3e ./User/main.o
 *fill*         0x000000000000d07a        0x2 
 .rodata.WCHNET_HandleSockInt.str1.4
                0x000000000000d07c       0xd0 ./User/main.o
 .rodata.gImage_centigrade
                0x000000000000d14c      0x800 ./User/main.o
                0x000000000000d14c                gImage_centigrade
 .rodata.gImage_cloud
                0x000000000000d94c     0x3200 ./User/main.o
                0x000000000000d94c                gImage_cloud
 .rodata.gImage_rainy
                0x0000000000010b4c     0x3200 ./User/main.o
                0x0000000000010b4c                gImage_rainy
 .rodata.gImage_sunny
                0x0000000000013d4c     0x3200 ./User/main.o
                0x0000000000013d4c                gImage_sunny
 .rodata.mStopIfError.str1.4
                0x0000000000016f4c        0xe ./User/main.o
 *fill*         0x0000000000016f5a        0x2 
 .rodata.main.str1.4
                0x0000000000016f5c       0x68 ./User/main.o
 .rodata.str1.4
                0x0000000000016fc4        0x6 ./User/main.o
 *fill*         0x0000000000016fca        0x2 
 .rodata.ErrTable
                0x0000000000016fcc       0x10 D:\opench-ch32v307\firmware\TcpClient\NetLib\libwchnet.a(socket.o)
                0x0000000000016fcc                ErrTable
 .rodata.WCHNET_ETHIsr.str1.4
                0x0000000000016fdc        0xa D:\opench-ch32v307\firmware\TcpClient\NetLib\libwchnet.a(socket.o)
 *fill*         0x0000000000016fe6        0x2 
 .rodata.etharp_output.str1.4
                0x0000000000016fe8       0x1f D:\opench-ch32v307\firmware\TcpClient\NetLib\libwchnet.a(etharp.o)
 *fill*         0x0000000000017007        0x1 
 .rodata.tcp_close
                0x0000000000017008       0x20 D:\opench-ch32v307\firmware\TcpClient\NetLib\libwchnet.a(tcp.o)
 .rodata.tcp_backoff
                0x0000000000017028       0x14 D:\opench-ch32v307\firmware\TcpClient\NetLib\libwchnet.a(tcp.o)
                0x0000000000017028                tcp_backoff
 .rodata.tcp_input
                0x000000000001703c       0x20 D:\opench-ch32v307\firmware\TcpClient\NetLib\libwchnet.a(tcp_in.o)
 .rodata.print.str1.4
                0x000000000001705c        0x7 d:/mounriver/mounriver_studio/toolchain/risc-v embedded gcc/bin/../lib/gcc/riscv-none-embed/8.2.0/../../../../riscv-none-embed/lib/rv32imac/ilp32\libprintf.a(wchprintf.o)
 *fill*         0x0000000000017063        0x1 
 .rodata._svfprintf_r.str1.4
                0x0000000000017064       0x13 d:/mounriver/mounriver_studio/toolchain/risc-v embedded gcc/bin/../lib/gcc/riscv-none-embed/8.2.0/../../../../riscv-none-embed/lib/rv32imac/ilp32\libg_nano.a(lib_a-nano-svfprintf.o)
 *fill*         0x0000000000017077        0x1 
 .rodata._printf_i.str1.4
                0x0000000000017078       0x28 d:/mounriver/mounriver_studio/toolchain/risc-v embedded gcc/bin/../lib/gcc/riscv-none-embed/8.2.0/../../../../riscv-none-embed/lib/rv32imac/ilp32\libg_nano.a(lib_a-nano-vfprintf_i.o)
                                         0x25 (size before relaxing)
 *(.glue_7)
 *(.glue_7t)
 *(.gnu.linkonce.t.*)
                0x00000000000170a0                . = ALIGN (0x4)

.rela.dyn       0x00000000000170a0        0x0
 .rela.text.HardFault_Handler
                0x00000000000170a0        0x0 ./User/IIC.o
 .rela.text.lcd_init
                0x00000000000170a0        0x0 ./User/IIC.o
 .rela.text.lcd_show_char
                0x00000000000170a0        0x0 ./User/IIC.o
 .rela.text.lcd_show_string
                0x00000000000170a0        0x0 ./User/IIC.o
 .rela.text.lcd_show_image
                0x00000000000170a0        0x0 ./User/IIC.o
 .rela.text.mStopIfError
                0x00000000000170a0        0x0 ./User/IIC.o
 .rela.text.WCHNET_CreatTcpSocket
                0x00000000000170a0        0x0 ./User/IIC.o
 .rela.text.WCHNET_HandleSockInt
                0x00000000000170a0        0x0 ./User/IIC.o
 .rela.text.startup.main
                0x00000000000170a0        0x0 ./User/IIC.o
 .rela.init     0x00000000000170a0        0x0 ./User/IIC.o
 .rela.vector   0x00000000000170a0        0x0 ./User/IIC.o
 .rela.text.handle_reset
                0x00000000000170a0        0x0 ./User/IIC.o
 .rela.text.ETH_DMATxDescChainInit
                0x00000000000170a0        0x0 ./User/IIC.o
 .rela.text.ETH_DMARxDescChainInit
                0x00000000000170a0        0x0 ./User/IIC.o
 .rela.text.ETH_GetCurrentTxBufferAddress
                0x00000000000170a0        0x0 ./User/IIC.o
 .rela.text.ETH_RxPkt_Handle
                0x00000000000170a0        0x0 ./User/IIC.o
 .rela.text.ETH_TxPkt_ChainMode
                0x00000000000170a0        0x0 ./User/IIC.o
 .rela.text.WCHSocketInit
                0x00000000000170a0        0x0 ./User/IIC.o
 .rela.text.WCHNET_Init
                0x00000000000170a0        0x0 ./User/IIC.o
 .rela.text.WCHFindCorrectTCBPcb
                0x00000000000170a0        0x0 ./User/IIC.o
 .rela.text.WCHNET_SocketCreat
                0x00000000000170a0        0x0 ./User/IIC.o
 .rela.text.WCHNET_SocketRecv
                0x00000000000170a0        0x0 ./User/IIC.o
 .rela.text.WCHNET_SocketRecvLen
                0x00000000000170a0        0x0 ./User/IIC.o
 .rela.text.SocketIPRawSend
                0x00000000000170a0        0x0 ./User/IIC.o
 .rela.text.SocketUdpSend
                0x00000000000170a0        0x0 ./User/IIC.o
 .rela.text.LwipRemoveTcpPcb
                0x00000000000170a0        0x0 ./User/IIC.o
 .rela.text.WCHNET_QueryGlobalInt
                0x00000000000170a0        0x0 ./User/IIC.o
 .rela.text.WCHNET_GetSocketInt
                0x00000000000170a0        0x0 ./User/IIC.o
 .rela.text.CH563IPSetSocketRecvInit
                0x00000000000170a0        0x0 ./User/IIC.o
 .rela.text.SocketTcpSend
                0x00000000000170a0        0x0 ./User/IIC.o
 .rela.text.WCHNET_SocketSend
                0x00000000000170a0        0x0 ./User/IIC.o
 .rela.text.WCHNET_SocketConnect
                0x00000000000170a0        0x0 ./User/IIC.o
 .rela.sdata.arp_table
                0x00000000000170a0        0x0 ./User/IIC.o
 .rela.text.low_level_output
                0x00000000000170a0        0x0 ./User/IIC.o
 .rela.text.low_level_init
                0x00000000000170a0        0x0 ./User/IIC.o
 .rela.text.mem_init
                0x00000000000170a0        0x0 ./User/IIC.o
 .rela.text.memp_init
                0x00000000000170a0        0x0 ./User/IIC.o
 .rela.text.prints
                0x00000000000170a0        0x0 ./User/IIC.o
 .rela.text.printInt
                0x00000000000170a0        0x0 ./User/IIC.o
 .rela.text.print
                0x00000000000170a0        0x0 ./User/IIC.o
 .rela.text.printf
                0x00000000000170a0        0x0 ./User/IIC.o
 .rela.data.impure_data
                0x00000000000170a0        0x0 ./User/IIC.o
 .rela.text._svfprintf_r
                0x00000000000170a0        0x0 ./User/IIC.o
 .rela.text._sbrk_r
                0x00000000000170a0        0x0 ./User/IIC.o
 .rela.text._sbrk
                0x00000000000170a0        0x0 ./User/IIC.o

.fini           0x00000000000170a0        0x0
 *(SORT_NONE(.fini))
                0x00000000000170a0                . = ALIGN (0x4)
                [!provide]                        PROVIDE (_etext = .)
                [!provide]                        PROVIDE (_eitcm = .)

.preinit_array  0x00000000000170a0        0x0
                [!provide]                        PROVIDE (__preinit_array_start = .)
 *(.preinit_array)
                [!provide]                        PROVIDE (__preinit_array_end = .)

.init_array     0x00000000000170a0        0x0
                [!provide]                        PROVIDE (__init_array_start = .)
 *(SORT_BY_INIT_PRIORITY(.init_array.*) SORT_BY_INIT_PRIORITY(.ctors.*))
 *(.init_array EXCLUDE_FILE(*crtend?.o *crtend.o *crtbegin?.o *crtbegin.o) .ctors)
                [!provide]                        PROVIDE (__init_array_end = .)

.fini_array     0x00000000000170a0        0x0
                [!provide]                        PROVIDE (__fini_array_start = .)
 *(SORT_BY_INIT_PRIORITY(.fini_array.*) SORT_BY_INIT_PRIORITY(.dtors.*))
 *(.fini_array EXCLUDE_FILE(*crtend?.o *crtend.o *crtbegin?.o *crtbegin.o) .dtors)
                [!provide]                        PROVIDE (__fini_array_end = .)

.ctors
 *crtbegin.o(.ctors)
 *crtbegin?.o(.ctors)
 *(EXCLUDE_FILE(*crtend?.o *crtend.o) .ctors)
 *(SORT_BY_NAME(.ctors.*))
 *(.ctors)

.dtors
 *crtbegin.o(.dtors)
 *crtbegin?.o(.dtors)
 *(EXCLUDE_FILE(*crtend?.o *crtend.o) .dtors)
 *(SORT_BY_NAME(.dtors.*))
 *(.dtors)

.dalign         0x0000000020000000        0x0 load address 0x00000000000170a0
                0x0000000020000000                . = ALIGN (0x4)
                0x0000000020000000                PROVIDE (_data_vma = .)

.dlalign        0x00000000000170a0        0x0
                0x00000000000170a0                . = ALIGN (0x4)
                0x00000000000170a0                PROVIDE (_data_lma = .)

.data           0x0000000020000000       0xd0 load address 0x00000000000170a0
 *(.gnu.linkonce.r.*)
 *(.data .data.*)
 .data.APBAHBPrescTable
                0x0000000020000000       0x10 ./Peripheral/src/ch32v30x_rcc.o
 .data.impure_data
                0x0000000020000010       0x60 d:/mounriver/mounriver_studio/toolchain/risc-v embedded gcc/bin/../lib/gcc/riscv-none-embed/8.2.0/../../../../riscv-none-embed/lib/rv32imac/ilp32\libg_nano.a(lib_a-impure.o)
 *(.gnu.linkonce.d.*)
                0x0000000020000070                . = ALIGN (0x8)
                0x0000000020000870                PROVIDE (__global_pointer$ = (. + 0x800))
 *(.sdata .sdata.*)
 .sdata.FORE_COLOR
                0x0000000020000070        0x2 ./User/lcd.o
                0x0000000020000070                FORE_COLOR
 *fill*         0x0000000020000072        0x2 
 .sdata.DESIP   0x0000000020000074        0x4 ./User/main.o
                0x0000000020000074                DESIP
 .sdata.GWIPAddr
                0x0000000020000078        0x4 ./User/main.o
                0x0000000020000078                GWIPAddr
 .sdata.IPAddr  0x000000002000007c        0x4 ./User/main.o
                0x000000002000007c                IPAddr
 .sdata.IPMask  0x0000000020000080        0x4 ./User/main.o
                0x0000000020000080                IPMask
 .sdata.Start   0x0000000020000084        0x4 ./User/main.o
                0x0000000020000084                Start
 .sdata.desport
                0x0000000020000088        0x2 ./User/main.o
                0x0000000020000088                desport
 .sdata.srcport
                0x000000002000008a        0x2 ./User/main.o
                0x000000002000008a                srcport
 .sdata.SystemCoreClock
                0x000000002000008c        0x4 ./User/system_ch32v30x.o
                0x000000002000008c                SystemCoreClock
 .sdata.ADCPrescTable
                0x0000000020000090        0x4 ./Peripheral/src/ch32v30x_rcc.o
 .sdata.arp_table
                0x0000000020000094        0x4 D:\opench-ch32v307\firmware\TcpClient\NetLib\libwchnet.a(etharp.o)
                0x0000000020000094                arp_table
 .sdata.memp_num
                0x0000000020000098        0x4 D:\opench-ch32v307\firmware\TcpClient\NetLib\libwchnet.a(memp.o)
                0x0000000020000098                memp_num
 .sdata.memp_sizes
                0x000000002000009c        0x4 D:\opench-ch32v307\firmware\TcpClient\NetLib\libwchnet.a(memp.o)
                0x000000002000009c                memp_sizes
 .sdata.iss.6791
                0x00000000200000a0        0x4 D:\opench-ch32v307\firmware\TcpClient\NetLib\libwchnet.a(tcp.o)
 .sdata.port.6623
                0x00000000200000a4        0x2 D:\opench-ch32v307\firmware\TcpClient\NetLib\libwchnet.a(tcp.o)
 *fill*         0x00000000200000a6        0x2 
 .sdata.xid.6638
                0x00000000200000a8        0x4 D:\opench-ch32v307\firmware\TcpClient\NetLib\libwchnet.a(wchnet_dhcp.o)
 .sdata._impure_ptr
                0x00000000200000ac        0x4 d:/mounriver/mounriver_studio/toolchain/risc-v embedded gcc/bin/../lib/gcc/riscv-none-embed/8.2.0/../../../../riscv-none-embed/lib/rv32imac/ilp32\libg_nano.a(lib_a-impure.o)
                0x00000000200000ac                _impure_ptr
 *(.sdata2.*)
 .sdata2.ethbroadcast
                0x00000000200000b0        0x6 D:\opench-ch32v307\firmware\TcpClient\NetLib\libwchnet.a(etharp.o)
                0x00000000200000b0                ethbroadcast
 *fill*         0x00000000200000b6        0x2 
 .sdata2.ethzero
                0x00000000200000b8        0x6 D:\opench-ch32v307\firmware\TcpClient\NetLib\libwchnet.a(etharp.o)
                0x00000000200000b8                ethzero
 *fill*         0x00000000200000be        0x2 
 .sdata2.ip_addr_any
                0x00000000200000c0        0x4 D:\opench-ch32v307\firmware\TcpClient\NetLib\libwchnet.a(ip_addr.o)
                0x00000000200000c0                ip_addr_any
 .sdata2.ip_addr_broadcast
                0x00000000200000c4        0x4 D:\opench-ch32v307\firmware\TcpClient\NetLib\libwchnet.a(ip_addr.o)
                0x00000000200000c4                ip_addr_broadcast
 .sdata2.tcp_persist_backoff
                0x00000000200000c8        0x7 D:\opench-ch32v307\firmware\TcpClient\NetLib\libwchnet.a(tcp.o)
                0x00000000200000c8                tcp_persist_backoff
 *(.gnu.linkonce.s.*)
                0x00000000200000d0                . = ALIGN (0x8)
 *fill*         0x00000000200000cf        0x1 
 *(.srodata.cst16)
 *(.srodata.cst8)
 *(.srodata.cst4)
 *(.srodata.cst2)
 *(.srodata .srodata.*)
                0x00000000200000d0                . = ALIGN (0x4)
                0x00000000200000d0                PROVIDE (_edata = .)

.bss            0x00000000200000d0     0xc3e0 load address 0x0000000000017170
                0x00000000200000d0                . = ALIGN (0x4)
                0x00000000200000d0                PROVIDE (_sbss = .)
 *(.sbss*)
 .sbss.BACK_COLOR
                0x00000000200000d0        0x2 ./User/lcd.o
                0x00000000200000d0                BACK_COLOR
 .sbss.connectStatus
                0x00000000200000d2        0x1 ./User/main.o
                0x00000000200000d2                connectStatus
 *fill*         0x00000000200000d3        0x1 
 .sbss.p_ms     0x00000000200000d4        0x2 ./Debug/debug.o
 .sbss.p_us     0x00000000200000d6        0x1 ./Debug/debug.o
 *fill*         0x00000000200000d7        0x1 
 .sbss.phydata  0x00000000200000d8        0x4 D:\opench-ch32v307\firmware\TcpClient\NetLib\libwchnet.a(socket.o)
                0x00000000200000d8                phydata
 .sbss.phydatatime
                0x00000000200000dc        0x4 D:\opench-ch32v307\firmware\TcpClient\NetLib\libwchnet.a(socket.o)
                0x00000000200000dc                phydatatime
 .sbss.tcppackt
                0x00000000200000e0        0x4 D:\opench-ch32v307\firmware\TcpClient\NetLib\libwchnet.a(socket.o)
                0x00000000200000e0                tcppackt
 .sbss.etharp_cached_entry
                0x00000000200000e4        0x1 D:\opench-ch32v307\firmware\TcpClient\NetLib\libwchnet.a(etharp.o)
 *fill*         0x00000000200000e5        0x3 
 .sbss.ARPTimer
                0x00000000200000e8        0x4 D:\opench-ch32v307\firmware\TcpClient\NetLib\libwchnet.a(ethernetif.o)
                0x00000000200000e8                ARPTimer
 .sbss.DHCPTestTimer
                0x00000000200000ec        0x4 D:\opench-ch32v307\firmware\TcpClient\NetLib\libwchnet.a(ethernetif.o)
                0x00000000200000ec                DHCPTestTimer
 .sbss.DHCPcoarseTimer
                0x00000000200000f0        0x4 D:\opench-ch32v307\firmware\TcpClient\NetLib\libwchnet.a(ethernetif.o)
                0x00000000200000f0                DHCPcoarseTimer
 .sbss.DHCPfineTimer
                0x00000000200000f4        0x4 D:\opench-ch32v307\firmware\TcpClient\NetLib\libwchnet.a(ethernetif.o)
                0x00000000200000f4                DHCPfineTimer
 .sbss.DNSTimer
                0x00000000200000f8        0x4 D:\opench-ch32v307\firmware\TcpClient\NetLib\libwchnet.a(ethernetif.o)
                0x00000000200000f8                DNSTimer
 .sbss.DataLED  0x00000000200000fc        0x1 D:\opench-ch32v307\firmware\TcpClient\NetLib\libwchnet.a(ethernetif.o)
                0x00000000200000fc                DataLED
 *fill*         0x00000000200000fd        0x3 
 .sbss.IPFragTimer
                0x0000000020000100        0x4 D:\opench-ch32v307\firmware\TcpClient\NetLib\libwchnet.a(ethernetif.o)
                0x0000000020000100                IPFragTimer
 .sbss.LocalTime
                0x0000000020000104        0x4 D:\opench-ch32v307\firmware\TcpClient\NetLib\libwchnet.a(ethernetif.o)
                0x0000000020000104                LocalTime
 .sbss.MacRevcNull
                0x0000000020000108        0x1 D:\opench-ch32v307\firmware\TcpClient\NetLib\libwchnet.a(ethernetif.o)
 *fill*         0x0000000020000109        0x3 
 .sbss.SuccessPackets
                0x000000002000010c        0x4 D:\opench-ch32v307\firmware\TcpClient\NetLib\libwchnet.a(ethernetif.o)
                0x000000002000010c                SuccessPackets
 .sbss.TCPTimer
                0x0000000020000110        0x4 D:\opench-ch32v307\firmware\TcpClient\NetLib\libwchnet.a(ethernetif.o)
                0x0000000020000110                TCPTimer
 .sbss.WCHGWIPAddr
                0x0000000020000114        0x4 D:\opench-ch32v307\firmware\TcpClient\NetLib\libwchnet.a(ethernetif.o)
                0x0000000020000114                WCHGWIPAddr
 .sbss.WCHIPAddr
                0x0000000020000118        0x4 D:\opench-ch32v307\firmware\TcpClient\NetLib\libwchnet.a(ethernetif.o)
                0x0000000020000118                WCHIPAddr
 .sbss.WCHIPMask
                0x000000002000011c        0x4 D:\opench-ch32v307\firmware\TcpClient\NetLib\libwchnet.a(ethernetif.o)
                0x000000002000011c                WCHIPMask
 .sbss.WCHMACAddr
                0x0000000020000120        0x4 D:\opench-ch32v307\firmware\TcpClient\NetLib\libwchnet.a(ethernetif.o)
                0x0000000020000120                WCHMACAddr
 .sbss.current_header
                0x0000000020000124        0x4 D:\opench-ch32v307\firmware\TcpClient\NetLib\libwchnet.a(ip.o)
                0x0000000020000124                current_header
 .sbss.current_netif
                0x0000000020000128        0x4 D:\opench-ch32v307\firmware\TcpClient\NetLib\libwchnet.a(ip.o)
                0x0000000020000128                current_netif
 .sbss.ip_id.6659
                0x000000002000012c        0x2 D:\opench-ch32v307\firmware\TcpClient\NetLib\libwchnet.a(ip.o)
 .sbss.ip_reass_pbufcount
                0x000000002000012e        0x2 D:\opench-ch32v307\firmware\TcpClient\NetLib\libwchnet.a(ip_frag.o)
 .sbss.reassdatagrams
                0x0000000020000130        0x4 D:\opench-ch32v307\firmware\TcpClient\NetLib\libwchnet.a(ip_frag.o)
 .sbss.lfree    0x0000000020000134        0x4 D:\opench-ch32v307\firmware\TcpClient\NetLib\libwchnet.a(mem.o)
 .sbss.ram      0x0000000020000138        0x4 D:\opench-ch32v307\firmware\TcpClient\NetLib\libwchnet.a(mem.o)
 .sbss.ram_end  0x000000002000013c        0x4 D:\opench-ch32v307\firmware\TcpClient\NetLib\libwchnet.a(mem.o)
 .sbss.netif_default
                0x0000000020000140        0x4 D:\opench-ch32v307\firmware\TcpClient\NetLib\libwchnet.a(netif.o)
                0x0000000020000140                netif_default
 .sbss.netif_list
                0x0000000020000144        0x4 D:\opench-ch32v307\firmware\TcpClient\NetLib\libwchnet.a(netif.o)
                0x0000000020000144                netif_list
 .sbss.netifnum.6387
                0x0000000020000148        0x1 D:\opench-ch32v307\firmware\TcpClient\NetLib\libwchnet.a(netif.o)
 *fill*         0x0000000020000149        0x3 
 .sbss.raw_pcbs
                0x000000002000014c        0x4 D:\opench-ch32v307\firmware\TcpClient\NetLib\libwchnet.a(raw.o)
 .sbss.tcp_active_pcbs
                0x0000000020000150        0x4 D:\opench-ch32v307\firmware\TcpClient\NetLib\libwchnet.a(tcp.o)
                0x0000000020000150                tcp_active_pcbs
 .sbss.tcp_bound_pcbs
                0x0000000020000154        0x4 D:\opench-ch32v307\firmware\TcpClient\NetLib\libwchnet.a(tcp.o)
                0x0000000020000154                tcp_bound_pcbs
 .sbss.tcp_listen_pcbs
                0x0000000020000158        0x4 D:\opench-ch32v307\firmware\TcpClient\NetLib\libwchnet.a(tcp.o)
                0x0000000020000158                tcp_listen_pcbs
 .sbss.tcp_ticks
                0x000000002000015c        0x4 D:\opench-ch32v307\firmware\TcpClient\NetLib\libwchnet.a(tcp.o)
                0x000000002000015c                tcp_ticks
 .sbss.tcp_timer
                0x0000000020000160        0x1 D:\opench-ch32v307\firmware\TcpClient\NetLib\libwchnet.a(tcp.o)
 *fill*         0x0000000020000161        0x3 
 .sbss.tcp_tmp_pcb
                0x0000000020000164        0x4 D:\opench-ch32v307\firmware\TcpClient\NetLib\libwchnet.a(tcp.o)
                0x0000000020000164                tcp_tmp_pcb
 .sbss.tcp_tw_pcbs
                0x0000000020000168        0x4 D:\opench-ch32v307\firmware\TcpClient\NetLib\libwchnet.a(tcp.o)
                0x0000000020000168                tcp_tw_pcbs
 .sbss.ackno    0x000000002000016c        0x4 D:\opench-ch32v307\firmware\TcpClient\NetLib\libwchnet.a(tcp_in.o)
 .sbss.flags    0x0000000020000170        0x1 D:\opench-ch32v307\firmware\TcpClient\NetLib\libwchnet.a(tcp_in.o)
 *fill*         0x0000000020000171        0x3 
 .sbss.iphdr    0x0000000020000174        0x4 D:\opench-ch32v307\firmware\TcpClient\NetLib\libwchnet.a(tcp_in.o)
 .sbss.recv_data
                0x0000000020000178        0x4 D:\opench-ch32v307\firmware\TcpClient\NetLib\libwchnet.a(tcp_in.o)
 .sbss.recv_flags
                0x000000002000017c        0x1 D:\opench-ch32v307\firmware\TcpClient\NetLib\libwchnet.a(tcp_in.o)
 *fill*         0x000000002000017d        0x3 
 .sbss.seqno    0x0000000020000180        0x4 D:\opench-ch32v307\firmware\TcpClient\NetLib\libwchnet.a(tcp_in.o)
 .sbss.tcp_input_pcb
                0x0000000020000184        0x4 D:\opench-ch32v307\firmware\TcpClient\NetLib\libwchnet.a(tcp_in.o)
                0x0000000020000184                tcp_input_pcb
 .sbss.tcphdr   0x0000000020000188        0x4 D:\opench-ch32v307\firmware\TcpClient\NetLib\libwchnet.a(tcp_in.o)
 .sbss.tcplen   0x000000002000018c        0x2 D:\opench-ch32v307\firmware\TcpClient\NetLib\libwchnet.a(tcp_in.o)
 *fill*         0x000000002000018e        0x2 
 .sbss.udp_pcbs
                0x0000000020000190        0x4 D:\opench-ch32v307\firmware\TcpClient\NetLib\libwchnet.a(udp.o)
                0x0000000020000190                udp_pcbs
 .sbss.ArpCheckTime
                0x0000000020000194        0x4 D:\opench-ch32v307\firmware\TcpClient\NetLib\libwchnet.a(ipcheck.o)
                0x0000000020000194                ArpCheckTime
 .sbss.__malloc_free_list
                0x0000000020000198        0x4 d:/mounriver/mounriver_studio/toolchain/risc-v embedded gcc/bin/../lib/gcc/riscv-none-embed/8.2.0/../../../../riscv-none-embed/lib/rv32imac/ilp32\libg_nano.a(lib_a-nano-mallocr.o)
                0x0000000020000198                __malloc_free_list
 .sbss.__malloc_sbrk_start
                0x000000002000019c        0x4 d:/mounriver/mounriver_studio/toolchain/risc-v embedded gcc/bin/../lib/gcc/riscv-none-embed/8.2.0/../../../../riscv-none-embed/lib/rv32imac/ilp32\libg_nano.a(lib_a-nano-mallocr.o)
                0x000000002000019c                __malloc_sbrk_start
 .sbss.heap_end.1518
                0x00000000200001a0        0x4 d:/mounriver/mounriver_studio/toolchain/risc-v embedded gcc/bin/../lib/gcc/riscv-none-embed/8.2.0/../../../../riscv-none-embed/lib/rv32imac/ilp32\libnosys.a(sbrk.o)
 *(.gnu.linkonce.sb.*)
 *(.bss*)
 .bss.KeepLiveCfg
                0x00000000200001a4        0xc D:\opench-ch32v307\firmware\TcpClient\NetLib\libwchnet.a(socket.o)
                0x00000000200001a4                KeepLiveCfg